Component: Arm Compiler for Embedded 6.19 Tool: armlink [5e73cb00]

==============================================================================

Section Cross References

    main.o(.ARM.exidx.text.clockinit) refers to main.o(.text.clockinit) for [Anonymous Symbol]
    main.o(.ARM.exidx.text.TIM2_init) refers to main.o(.text.TIM2_init) for [Anonymous Symbol]
    main.o(.text.TIM7_init) refers to main.o(.text.__NVIC_EnableIRQ) for __NVIC_EnableIRQ
    main.o(.ARM.exidx.text.TIM7_init) refers to main.o(.text.TIM7_init) for [Anonymous Symbol]
    main.o(.ARM.exidx.text.__NVIC_EnableIRQ) refers to main.o(.text.__NVIC_EnableIRQ) for [Anonymous Symbol]
    main.o(.text.TIM6_init) refers to main.o(.text.__NVIC_EnableIRQ) for __NVIC_EnableIRQ
    main.o(.ARM.exidx.text.TIM6_init) refers to main.o(.text.TIM6_init) for [Anonymous Symbol]
    main.o(.ARM.exidx.text.ADC_init) refers to main.o(.text.ADC_init) for [Anonymous Symbol]
    main.o(.text.ADC1_IRQHandler) refers to main.o(.bss.adc_value) for adc_value
    main.o(.text.ADC1_IRQHandler) refers to abs.o(.text) for abs
    main.o(.ARM.exidx.text.ADC1_IRQHandler) refers to main.o(.text.ADC1_IRQHandler) for [Anonymous Symbol]
    main.o(.text.EXTI1_IRQHandler) refers to main.o(.data.Mask) for Mask
    main.o(.text.EXTI1_IRQHandler) refers to main.o(.bss.refEncode) for refEncode
    main.o(.text.EXTI1_IRQHandler) refers to main.o(.bss.encoderCount) for encoderCount
    main.o(.text.EXTI1_IRQHandler) refers to abs.o(.text) for abs
    main.o(.ARM.exidx.text.EXTI1_IRQHandler) refers to main.o(.text.EXTI1_IRQHandler) for [Anonymous Symbol]
    main.o(.text.EXTI3_IRQHandler) refers to main.o(.data.Mask) for Mask
    main.o(.text.EXTI3_IRQHandler) refers to main.o(.bss.refEncode) for refEncode
    main.o(.text.EXTI3_IRQHandler) refers to main.o(.bss.encoderCount) for encoderCount
    main.o(.text.EXTI3_IRQHandler) refers to abs.o(.text) for abs
    main.o(.ARM.exidx.text.EXTI3_IRQHandler) refers to main.o(.text.EXTI3_IRQHandler) for [Anonymous Symbol]
    main.o(.text.EXTI9_5_IRQHandler) refers to main.o(.bss.encoderCount) for encoderCount
    main.o(.text.EXTI9_5_IRQHandler) refers to main.o(.bss.encoderValue_array) for encoderValue_array
    main.o(.text.EXTI9_5_IRQHandler) refers to main.o(.bss.stepPosition) for stepPosition
    main.o(.text.EXTI9_5_IRQHandler) refers to main.o(.bss.stepPosition_array) for stepPosition_array
    main.o(.ARM.exidx.text.EXTI9_5_IRQHandler) refers to main.o(.text.EXTI9_5_IRQHandler) for [Anonymous Symbol]
    main.o(.ARM.exidx.text.Rotate) refers to main.o(.text.Rotate) for [Anonymous Symbol]
    main.o(.text.Rotate_Angle) refers to main.o(.bss.angle2Step) for angle2Step
    main.o(.text.Rotate_Angle) refers to main.o(.bss.stepPosition) for stepPosition
    main.o(.text.Rotate_Angle) refers to main.o(.bss.currentStepPosition) for currentStepPosition
    main.o(.text.Rotate_Angle) refers to abs.o(.text) for abs
    main.o(.text.Rotate_Angle) refers to main.o(.text.Rotate) for Rotate
    main.o(.ARM.exidx.text.Rotate_Angle) refers to main.o(.text.Rotate_Angle) for [Anonymous Symbol]
    main.o(.text.returnHome) refers to main.o(.bss.stepPosition) for stepPosition
    main.o(.text.returnHome) refers to main.o(.text.Rotate) for Rotate
    main.o(.ARM.exidx.text.returnHome) refers to main.o(.text.returnHome) for [Anonymous Symbol]
    main.o(.text.TIM7_IRQHandler) refers to main.o(.bss.stepPosition) for stepPosition
    main.o(.ARM.exidx.text.TIM7_IRQHandler) refers to main.o(.text.TIM7_IRQHandler) for [Anonymous Symbol]
    main.o(.text.TIM6_DAC_IRQHandler) refers to main.o(.bss.micro) for micro
    main.o(.ARM.exidx.text.TIM6_DAC_IRQHandler) refers to main.o(.text.TIM6_DAC_IRQHandler) for [Anonymous Symbol]
    main.o(.text.delayuS) refers to main.o(.bss.micro) for micro
    main.o(.ARM.exidx.text.delayuS) refers to main.o(.text.delayuS) for [Anonymous Symbol]
    main.o(.text.ABSf) refers to dcmp.o(x$fpl$fcmp) for __aeabi_dcmpge
    main.o(.ARM.exidx.text.ABSf) refers to main.o(.text.ABSf) for [Anonymous Symbol]
    main.o(.text.updateFrequency) refers to main.o(.data.Kp1) for Kp1
    main.o(.text.updateFrequency) refers to main.o(.data.Kd1) for Kd1
    main.o(.text.updateFrequency) refers to main.o(.bss.frequency) for frequency
    main.o(.text.updateFrequency) refers to main.o(.data.deltaT) for deltaT
    main.o(.text.updateFrequency) refers to main.o(.bss.encoderValue_array) for encoderValue_array
    main.o(.text.updateFrequency) refers to pid.o(.text.PD) for PD
    main.o(.text.updateFrequency) refers to main.o(.text.ABSf) for ABSf
    main.o(.text.updateFrequency) refers to dcmp.o(x$fpl$fcmp) for __aeabi_dcmpgt
    main.o(.text.updateFrequency) refers to main.o(.bss.rotCtr) for rotCtr
    main.o(.text.updateFrequency) refers to main.o(.bss.rotDir) for rotDir
    main.o(.text.updateFrequency) refers to ddiv.o(x$fpl$ddiv) for __aeabi_ddiv
    main.o(.text.updateFrequency) refers to dfix.o(x$fpl$dfix) for __aeabi_d2iz
    main.o(.ARM.exidx.text.updateFrequency) refers to main.o(.text.updateFrequency) for [Anonymous Symbol]
    main.o(.text.SysTick_Handler) refers to main.o(.bss.encoderCount) for encoderCount
    main.o(.text.SysTick_Handler) refers to main.o(.bss.encoderValue_array) for encoderValue_array
    main.o(.text.SysTick_Handler) refers to pid.o(.text.updateValue2) for updateValue2
    main.o(.text.SysTick_Handler) refers to main.o(.data.deltaT) for deltaT
    main.o(.text.SysTick_Handler) refers to main.o(.text.updateFrequency) for updateFrequency
    main.o(.ARM.exidx.text.SysTick_Handler) refers to main.o(.text.SysTick_Handler) for [Anonymous Symbol]
    main.o(.text.main) refers to main.o(.text.SysTick_Config) for SysTick_Config
    main.o(.text.main) refers to main.o(.text.clockinit) for clockinit
    main.o(.text.main) refers to main.o(.text.ADC_init) for ADC_init
    main.o(.text.main) refers to main.o(.text.TIM7_init) for TIM7_init
    main.o(.text.main) refers to main.o(.text.TIM2_init) for TIM2_init
    main.o(.text.main) refers to main.o(.text.TIM6_init) for TIM6_init
    main.o(.text.main) refers to main.o(.text.__NVIC_EnableIRQ) for __NVIC_EnableIRQ
    main.o(.text.main) refers to main.o(.text.__NVIC_ClearPendingIRQ) for __NVIC_ClearPendingIRQ
    main.o(.text.main) refers to main.o(.bss.encoderCount) for encoderCount
    main.o(.text.main) refers to abs.o(.text) for abs
    main.o(.text.main) refers to main.o(.bss.frequency) for frequency
    main.o(.text.main) refers to main.o(.data.Kp1) for Kp1
    main.o(.text.main) refers to main.o(.data.Kd1) for Kd1
    main.o(.text.main) refers to main.o(.bss.rotCtr) for rotCtr
    main.o(.text.main) refers to main.o(.bss.rotDir) for rotDir
    main.o(.text.main) refers to main.o(.text.Rotate) for Rotate
    main.o(.ARM.exidx.text.main) refers to main.o(.text.main) for [Anonymous Symbol]
    main.o(.text.SysTick_Config) refers to main.o(.text.__NVIC_SetPriority) for __NVIC_SetPriority
    main.o(.ARM.exidx.text.SysTick_Config) refers to main.o(.text.SysTick_Config) for [Anonymous Symbol]
    main.o(.ARM.exidx.text.__NVIC_ClearPendingIRQ) refers to main.o(.text.__NVIC_ClearPendingIRQ) for [Anonymous Symbol]
    main.o(.ARM.exidx.text.__NVIC_SetPriority) refers to main.o(.text.__NVIC_SetPriority) for [Anonymous Symbol]
    pid.o(.ARM.exidx.text.updateValue) refers to pid.o(.text.updateValue) for [Anonymous Symbol]
    pid.o(.ARM.exidx.text.updateValue2) refers to pid.o(.text.updateValue2) for [Anonymous Symbol]
    pid.o(.ARM.exidx.text.PI) refers to pid.o(.text.PI) for [Anonymous Symbol]
    pid.o(.text.PD) refers to dflt_clz.o(x$fpl$dflt) for __aeabi_i2d
    pid.o(.text.PD) refers to dmul.o(x$fpl$dmul) for __aeabi_dmul
    pid.o(.text.PD) refers to daddsub_clz.o(x$fpl$dadd) for __aeabi_dadd
    pid.o(.ARM.exidx.text.PD) refers to pid.o(.text.PD) for [Anonymous Symbol]
    pid.o(.text.PID) refers to dflt_clz.o(x$fpl$dflt) for __aeabi_i2d
    pid.o(.text.PID) refers to dmul.o(x$fpl$dmul) for __aeabi_dmul
    pid.o(.text.PID) refers to ddiv.o(x$fpl$ddiv) for __aeabi_ddiv
    pid.o(.text.PID) refers to daddsub_clz.o(x$fpl$dadd) for __aeabi_dadd
    pid.o(.ARM.exidx.text.PID) refers to pid.o(.text.PID) for [Anonymous Symbol]
    startup_stm32l432xx.o(STACK) refers (Special) to heapauxi.o(.text) for __use_two_region_memory
    startup_stm32l432xx.o(HEAP) refers (Special) to heapauxi.o(.text) for __use_two_region_memory
    startup_stm32l432xx.o(RESET) refers (Special) to heapauxi.o(.text) for __use_two_region_memory
    startup_stm32l432xx.o(RESET) refers to startup_stm32l432xx.o(STACK) for __initial_sp
    startup_stm32l432xx.o(RESET) refers to startup_stm32l432xx.o(.text) for Reset_Handler
    startup_stm32l432xx.o(RESET) refers to main.o(.text.SysTick_Handler) for SysTick_Handler
    startup_stm32l432xx.o(RESET) refers to main.o(.text.EXTI1_IRQHandler) for EXTI1_IRQHandler
    startup_stm32l432xx.o(RESET) refers to main.o(.text.EXTI3_IRQHandler) for EXTI3_IRQHandler
    startup_stm32l432xx.o(RESET) refers to main.o(.text.ADC1_IRQHandler) for ADC1_IRQHandler
    startup_stm32l432xx.o(RESET) refers to main.o(.text.EXTI9_5_IRQHandler) for EXTI9_5_IRQHandler
    startup_stm32l432xx.o(RESET) refers to main.o(.text.TIM6_DAC_IRQHandler) for TIM6_DAC_IRQHandler
    startup_stm32l432xx.o(RESET) refers to main.o(.text.TIM7_IRQHandler) for TIM7_IRQHandler
    startup_stm32l432xx.o(.text) refers (Special) to heapauxi.o(.text) for __use_two_region_memory
    startup_stm32l432xx.o(.text) refers to system_stm32l4xx.o(.text.SystemInit) for SystemInit
    startup_stm32l432xx.o(.text) refers to __main.o(!!!main) for __main
    startup_stm32l432xx.o(.text) refers to startup_stm32l432xx.o(HEAP) for Heap_Mem
    startup_stm32l432xx.o(.text) refers to startup_stm32l432xx.o(STACK) for Stack_Mem
    system_stm32l4xx.o(.ARM.exidx.text.SystemInit) refers to system_stm32l4xx.o(.text.SystemInit) for [Anonymous Symbol]
    system_stm32l4xx.o(.text.SystemCoreClockUpdate) refers to system_stm32l4xx.o(.rodata.MSIRangeTable) for MSIRangeTable
    system_stm32l4xx.o(.text.SystemCoreClockUpdate) refers to system_stm32l4xx.o(.data.SystemCoreClock) for SystemCoreClock
    system_stm32l4xx.o(.text.SystemCoreClockUpdate) refers to system_stm32l4xx.o(.rodata.AHBPrescTable) for AHBPrescTable
    system_stm32l4xx.o(.ARM.exidx.text.SystemCoreClockUpdate) refers to system_stm32l4xx.o(.text.SystemCoreClockUpdate) for [Anonymous Symbol]
    __main.o(!!!main) refers to __rtentry.o(.ARM.Collect$$rtentry$$00000000) for __rt_entry
    daddsub_clz.o(x$fpl$dadd) refers (Special) to usenofp.o(x$fpl$usenofp) for __I$use$fp
    daddsub_clz.o(x$fpl$dadd) refers to daddsub_clz.o(x$fpl$dsub) for _dsub1
    daddsub_clz.o(x$fpl$dadd) refers to dretinf.o(x$fpl$dretinf) for __fpl_dretinf
    daddsub_clz.o(x$fpl$dadd) refers to dnaninf.o(x$fpl$dnaninf) for __fpl_dnaninf
    daddsub_clz.o(x$fpl$drsb) refers (Special) to usenofp.o(x$fpl$usenofp) for __I$use$fp
    daddsub_clz.o(x$fpl$drsb) refers to daddsub_clz.o(x$fpl$dadd) for _dadd1
    daddsub_clz.o(x$fpl$drsb) refers to daddsub_clz.o(x$fpl$dsub) for _dsub1
    daddsub_clz.o(x$fpl$dsub) refers (Special) to usenofp.o(x$fpl$usenofp) for __I$use$fp
    daddsub_clz.o(x$fpl$dsub) refers to daddsub_clz.o(x$fpl$dadd) for _dadd1
    daddsub_clz.o(x$fpl$dsub) refers to dnaninf.o(x$fpl$dnaninf) for __fpl_dnaninf
    dcmp.o(x$fpl$fcmp) refers (Special) to usenofp.o(x$fpl$usenofp) for __I$use$fp
    dcmp.o(x$fpl$fcmp) refers to deqf.o(x$fpl$deqf) for _dcmpeq
    dcmp.o(x$fpl$fcmp) refers to dgeqf.o(x$fpl$dgeqf) for _dcmpge
    dcmp.o(x$fpl$fcmp) refers to dleqf.o(x$fpl$dleqf) for _dcmple
    ddiv.o(x$fpl$drdiv) refers (Special) to usenofp.o(x$fpl$usenofp) for __I$use$fp
    ddiv.o(x$fpl$drdiv) refers to ddiv.o(x$fpl$ddiv) for ddiv_entry
    ddiv.o(x$fpl$ddiv) refers (Special) to usenofp.o(x$fpl$usenofp) for __I$use$fp
    ddiv.o(x$fpl$ddiv) refers to dretinf.o(x$fpl$dretinf) for __fpl_dretinf
    ddiv.o(x$fpl$ddiv) refers to dnaninf.o(x$fpl$dnaninf) for __fpl_dnaninf
    dfix.o(x$fpl$dfix) refers (Special) to usenofp.o(x$fpl$usenofp) for __I$use$fp
    dfix.o(x$fpl$dfix) refers to dnaninf.o(x$fpl$dnaninf) for __fpl_dnaninf
    dfix.o(x$fpl$dfixr) refers (Special) to usenofp.o(x$fpl$usenofp) for __I$use$fp
    dfix.o(x$fpl$dfixr) refers to dnaninf.o(x$fpl$dnaninf) for __fpl_dnaninf
    dflt_clz.o(x$fpl$dfltu) refers (Special) to usenofp.o(x$fpl$usenofp) for __I$use$fp
    dflt_clz.o(x$fpl$dflt) refers (Special) to usenofp.o(x$fpl$usenofp) for __I$use$fp
    dflt_clz.o(x$fpl$dfltn) refers (Special) to usenofp.o(x$fpl$usenofp) for __I$use$fp
    dmul.o(x$fpl$dmul) refers (Special) to usenofp.o(x$fpl$usenofp) for __I$use$fp
    dmul.o(x$fpl$dmul) refers to dretinf.o(x$fpl$dretinf) for __fpl_dretinf
    dmul.o(x$fpl$dmul) refers to dnaninf.o(x$fpl$dnaninf) for __fpl_dnaninf
    __rtentry.o(.ARM.Collect$$rtentry$$00000000) refers (Special) to __rtentry2.o(.ARM.Collect$$rtentry$$0000000A) for __rt_entry_li
    __rtentry.o(.ARM.Collect$$rtentry$$00000000) refers (Special) to __rtentry2.o(.ARM.Collect$$rtentry$$0000000D) for __rt_entry_main
    __rtentry.o(.ARM.Collect$$rtentry$$00000000) refers (Special) to __rtentry2.o(.ARM.Collect$$rtentry$$0000000C) for __rt_entry_postli_1
    __rtentry.o(.ARM.Collect$$rtentry$$00000000) refers (Special) to __rtentry2.o(.ARM.Collect$$rtentry$$00000009) for __rt_entry_postsh_1
    __rtentry.o(.ARM.Collect$$rtentry$$00000000) refers (Special) to __rtentry2.o(.ARM.Collect$$rtentry$$00000002) for __rt_entry_presh_1
    __rtentry.o(.ARM.Collect$$rtentry$$00000000) refers (Special) to __rtentry4.o(.ARM.Collect$$rtentry$$00000004) for __rt_entry_sh
    deqf.o(x$fpl$deqf) refers (Special) to usenofp.o(x$fpl$usenofp) for __I$use$fp
    deqf.o(x$fpl$deqf) refers to dnaninf.o(x$fpl$dnaninf) for __fpl_dnaninf
    deqf.o(x$fpl$deqf) refers to dcmpi.o(x$fpl$dcmpinf) for __fpl_dcmp_Inf
    dgeqf.o(x$fpl$dgeqf) refers (Special) to usenofp.o(x$fpl$usenofp) for __I$use$fp
    dgeqf.o(x$fpl$dgeqf) refers to dnaninf.o(x$fpl$dnaninf) for __fpl_dnaninf
    dgeqf.o(x$fpl$dgeqf) refers to dcmpi.o(x$fpl$dcmpinf) for __fpl_dcmp_Inf
    dleqf.o(x$fpl$dleqf) refers (Special) to usenofp.o(x$fpl$usenofp) for __I$use$fp
    dleqf.o(x$fpl$dleqf) refers to dnaninf.o(x$fpl$dnaninf) for __fpl_dnaninf
    dleqf.o(x$fpl$dleqf) refers to dcmpi.o(x$fpl$dcmpinf) for __fpl_dcmp_Inf
    dnaninf.o(x$fpl$dnaninf) refers (Special) to usenofp.o(x$fpl$usenofp) for __I$use$fp
    dretinf.o(x$fpl$dretinf) refers (Special) to usenofp.o(x$fpl$usenofp) for __I$use$fp
    __rtentry2.o(.ARM.Collect$$rtentry$$00000008) refers to boardinit2.o(.text) for _platform_post_stackheap_init
    __rtentry2.o(.ARM.Collect$$rtentry$$0000000A) refers to libinit.o(.ARM.Collect$$libinit$$00000000) for __rt_lib_init
    __rtentry2.o(.ARM.Collect$$rtentry$$0000000B) refers to boardinit3.o(.text) for _platform_post_lib_init
    __rtentry2.o(.ARM.Collect$$rtentry$$0000000D) refers to main.o(.text.main) for main
    __rtentry2.o(.ARM.Collect$$rtentry$$0000000D) refers to exit.o(.text) for exit
    __rtentry2.o(.ARM.exidx) refers to __rtentry2.o(.ARM.Collect$$rtentry$$00000001) for .ARM.Collect$$rtentry$$00000001
    __rtentry2.o(.ARM.exidx) refers to __rtentry2.o(.ARM.Collect$$rtentry$$00000008) for .ARM.Collect$$rtentry$$00000008
    __rtentry2.o(.ARM.exidx) refers to __rtentry2.o(.ARM.Collect$$rtentry$$0000000A) for .ARM.Collect$$rtentry$$0000000A
    __rtentry2.o(.ARM.exidx) refers to __rtentry2.o(.ARM.Collect$$rtentry$$0000000B) for .ARM.Collect$$rtentry$$0000000B
    __rtentry2.o(.ARM.exidx) refers to __rtentry2.o(.ARM.Collect$$rtentry$$0000000D) for .ARM.Collect$$rtentry$$0000000D
    __rtentry4.o(.ARM.Collect$$rtentry$$00000004) refers to sys_stackheap_outer.o(.text) for __user_setup_stackheap
    __rtentry4.o(.ARM.exidx) refers to __rtentry4.o(.ARM.Collect$$rtentry$$00000004) for .ARM.Collect$$rtentry$$00000004
    dcmpi.o(x$fpl$dcmpinf) refers (Special) to usenofp.o(x$fpl$usenofp) for __I$use$fp
    sys_stackheap_outer.o(.text) refers to libspace.o(.text) for __user_perproc_libspace
    sys_stackheap_outer.o(.text) refers to startup_stm32l432xx.o(.text) for __user_initial_stackheap
    exit.o(.text) refers to rtexit.o(.ARM.Collect$$rtexit$$00000000) for __rt_exit
    libinit.o(.ARM.Collect$$libinit$$00000000) refers (Special) to libinit2.o(.ARM.Collect$$libinit$$00000030) for __rt_lib_init_alloca_1
    libinit.o(.ARM.Collect$$libinit$$00000000) refers (Special) to libinit2.o(.ARM.Collect$$libinit$$0000002E) for __rt_lib_init_argv_1
    libinit.o(.ARM.Collect$$libinit$$00000000) refers (Special) to libinit2.o(.ARM.Collect$$libinit$$0000001D) for __rt_lib_init_atexit_1
    libinit.o(.ARM.Collect$$libinit$$00000000) refers (Special) to libinit2.o(.ARM.Collect$$libinit$$00000023) for __rt_lib_init_clock_1
    libinit.o(.ARM.Collect$$libinit$$00000000) refers (Special) to libinit2.o(.ARM.Collect$$libinit$$00000034) for __rt_lib_init_cpp_1
    libinit.o(.ARM.Collect$$libinit$$00000000) refers (Special) to libinit2.o(.ARM.Collect$$libinit$$00000032) for __rt_lib_init_exceptions_1
    libinit.o(.ARM.Collect$$libinit$$00000000) refers (Special) to libinit2.o(.ARM.Collect$$libinit$$00000001) for __rt_lib_init_fp_1
    libinit.o(.ARM.Collect$$libinit$$00000000) refers (Special) to libinit2.o(.ARM.Collect$$libinit$$00000021) for __rt_lib_init_fp_trap_1
    libinit.o(.ARM.Collect$$libinit$$00000000) refers (Special) to libinit2.o(.ARM.Collect$$libinit$$00000025) for __rt_lib_init_getenv_1
    libinit.o(.ARM.Collect$$libinit$$00000000) refers (Special) to libinit2.o(.ARM.Collect$$libinit$$0000000C) for __rt_lib_init_heap_1
    libinit.o(.ARM.Collect$$libinit$$00000000) refers (Special) to libinit2.o(.ARM.Collect$$libinit$$00000013) for __rt_lib_init_lc_collate_1
    libinit.o(.ARM.Collect$$libinit$$00000000) refers (Special) to libinit2.o(.ARM.Collect$$libinit$$00000015) for __rt_lib_init_lc_ctype_1
    libinit.o(.ARM.Collect$$libinit$$00000000) refers (Special) to libinit2.o(.ARM.Collect$$libinit$$00000017) for __rt_lib_init_lc_monetary_1
    libinit.o(.ARM.Collect$$libinit$$00000000) refers (Special) to libinit2.o(.ARM.Collect$$libinit$$00000019) for __rt_lib_init_lc_numeric_1
    libinit.o(.ARM.Collect$$libinit$$00000000) refers (Special) to libinit2.o(.ARM.Collect$$libinit$$0000001B) for __rt_lib_init_lc_time_1
    libinit.o(.ARM.Collect$$libinit$$00000000) refers (Special) to libinit2.o(.ARM.Collect$$libinit$$00000006) for __rt_lib_init_preinit_1
    libinit.o(.ARM.Collect$$libinit$$00000000) refers (Special) to libinit2.o(.ARM.Collect$$libinit$$00000010) for __rt_lib_init_rand_1
    libinit.o(.ARM.Collect$$libinit$$00000000) refers (Special) to libinit2.o(.ARM.Collect$$libinit$$00000004) for __rt_lib_init_relocate_pie_1
    libinit.o(.ARM.Collect$$libinit$$00000000) refers (Special) to libinit2.o(.ARM.Collect$$libinit$$00000035) for __rt_lib_init_return
    libinit.o(.ARM.Collect$$libinit$$00000000) refers (Special) to libinit2.o(.ARM.Collect$$libinit$$0000001F) for __rt_lib_init_signal_1
    libinit.o(.ARM.Collect$$libinit$$00000000) refers (Special) to libinit2.o(.ARM.Collect$$libinit$$00000027) for __rt_lib_init_stdio_1
    libinit.o(.ARM.Collect$$libinit$$00000000) refers (Special) to libinit2.o(.ARM.Collect$$libinit$$0000000E) for __rt_lib_init_user_alloc_1
    libspace.o(.text) refers to libspace.o(.bss) for __libspace_start
    rtexit.o(.ARM.Collect$$rtexit$$00000000) refers (Special) to rtexit2.o(.ARM.Collect$$rtexit$$00000004) for __rt_exit_exit
    rtexit.o(.ARM.Collect$$rtexit$$00000000) refers (Special) to rtexit2.o(.ARM.Collect$$rtexit$$00000003) for __rt_exit_ls
    rtexit.o(.ARM.Collect$$rtexit$$00000000) refers (Special) to rtexit2.o(.ARM.Collect$$rtexit$$00000002) for __rt_exit_prels_1
    rtexit.o(.ARM.exidx) refers (Special) to rtexit2.o(.ARM.Collect$$rtexit$$00000004) for __rt_exit_exit
    rtexit.o(.ARM.exidx) refers (Special) to rtexit2.o(.ARM.Collect$$rtexit$$00000003) for __rt_exit_ls
    rtexit.o(.ARM.exidx) refers (Special) to rtexit2.o(.ARM.Collect$$rtexit$$00000002) for __rt_exit_prels_1
    rtexit.o(.ARM.exidx) refers to rtexit.o(.ARM.Collect$$rtexit$$00000000) for .ARM.Collect$$rtexit$$00000000
    libinit2.o(.ARM.Collect$$libinit$$00000001) refers to fpinit.o(x$fpl$fpinit) for _fp_init
    libinit2.o(.ARM.Collect$$libinit$$00000012) refers to libinit2.o(.ARM.Collect$$libinit$$00000011) for .ARM.Collect$$libinit$$00000011
    libinit2.o(.ARM.Collect$$libinit$$00000014) refers to libinit2.o(.ARM.Collect$$libinit$$00000011) for .ARM.Collect$$libinit$$00000011
    libinit2.o(.ARM.Collect$$libinit$$00000016) refers to libinit2.o(.ARM.Collect$$libinit$$00000011) for .ARM.Collect$$libinit$$00000011
    libinit2.o(.ARM.Collect$$libinit$$00000018) refers to libinit2.o(.ARM.Collect$$libinit$$00000011) for .ARM.Collect$$libinit$$00000011
    libinit2.o(.ARM.Collect$$libinit$$0000001A) refers to libinit2.o(.ARM.Collect$$libinit$$00000011) for .ARM.Collect$$libinit$$00000011
    libinit2.o(.ARM.Collect$$libinit$$00000028) refers to argv_veneer.o(.emb_text) for __ARM_argv_veneer
    libinit2.o(.ARM.Collect$$libinit$$00000029) refers to argv_veneer.o(.emb_text) for __ARM_argv_veneer
    rtexit2.o(.ARM.Collect$$rtexit$$00000003) refers to libshutdown.o(.ARM.Collect$$libshutdown$$00000000) for __rt_lib_shutdown
    rtexit2.o(.ARM.Collect$$rtexit$$00000004) refers to sys_exit.o(.text) for _sys_exit
    rtexit2.o(.ARM.exidx) refers to rtexit2.o(.ARM.Collect$$rtexit$$00000001) for .ARM.Collect$$rtexit$$00000001
    rtexit2.o(.ARM.exidx) refers to rtexit2.o(.ARM.Collect$$rtexit$$00000003) for .ARM.Collect$$rtexit$$00000003
    rtexit2.o(.ARM.exidx) refers to rtexit2.o(.ARM.Collect$$rtexit$$00000004) for .ARM.Collect$$rtexit$$00000004
    argv_veneer.o(.emb_text) refers to no_argv.o(.text) for __ARM_get_argv
    sys_exit.o(.text) refers (Special) to use_no_semi.o(.text) for __I$use$semihosting
    sys_exit.o(.text) refers (Special) to indicate_semi.o(.text) for __semihosting_library_function
    sys_exit_hlt.o(.text) refers (Special) to use_no_semi.o(.text) for __I$use$semihosting
    sys_exit_hlt.o(.text) refers (Special) to indicate_semi.o(.text) for __semihosting_library_function
    _get_argv_nomalloc.o(.text) refers (Special) to hrguard.o(.text) for __heap_region$guard
    _get_argv_nomalloc.o(.text) refers to defsig_rtmem_outer.o(.text) for __rt_SIGRTMEM
    _get_argv_nomalloc.o(.text) refers to sys_command.o(.text) for _sys_command_string
    libshutdown.o(.ARM.Collect$$libshutdown$$00000000) refers (Special) to libshutdown2.o(.ARM.Collect$$libshutdown$$00000002) for __rt_lib_shutdown_cpp_1
    libshutdown.o(.ARM.Collect$$libshutdown$$00000000) refers (Special) to libshutdown2.o(.ARM.Collect$$libshutdown$$00000007) for __rt_lib_shutdown_fp_trap_1
    libshutdown.o(.ARM.Collect$$libshutdown$$00000000) refers (Special) to libshutdown2.o(.ARM.Collect$$libshutdown$$0000000F) for __rt_lib_shutdown_heap_1
    libshutdown.o(.ARM.Collect$$libshutdown$$00000000) refers (Special) to libshutdown2.o(.ARM.Collect$$libshutdown$$00000010) for __rt_lib_shutdown_return
    libshutdown.o(.ARM.Collect$$libshutdown$$00000000) refers (Special) to libshutdown2.o(.ARM.Collect$$libshutdown$$0000000A) for __rt_lib_shutdown_signal_1
    libshutdown.o(.ARM.Collect$$libshutdown$$00000000) refers (Special) to libshutdown2.o(.ARM.Collect$$libshutdown$$00000004) for __rt_lib_shutdown_stdio_1
    libshutdown.o(.ARM.Collect$$libshutdown$$00000000) refers (Special) to libshutdown2.o(.ARM.Collect$$libshutdown$$0000000C) for __rt_lib_shutdown_user_alloc_1
    sys_command.o(.text) refers (Special) to use_no_semi.o(.text) for __I$use$semihosting
    sys_command.o(.text) refers (Special) to indicate_semi.o(.text) for __semihosting_library_function
    sys_command_hlt.o(.text) refers (Special) to use_no_semi.o(.text) for __I$use$semihosting
    sys_command_hlt.o(.text) refers (Special) to indicate_semi.o(.text) for __semihosting_library_function
    defsig_rtmem_outer.o(.text) refers to defsig_rtmem_inner.o(.text) for __rt_SIGRTMEM_inner
    defsig_rtmem_outer.o(.text) refers to defsig_exit.o(.text) for __sig_exit
    defsig_rtmem_formal.o(.text) refers to rt_raise.o(.text) for __rt_raise
    rt_raise.o(.text) refers to __raise.o(.text) for __raise
    rt_raise.o(.text) refers to sys_exit.o(.text) for _sys_exit
    defsig_exit.o(.text) refers to sys_exit.o(.text) for _sys_exit
    defsig_rtmem_inner.o(.text) refers to defsig_general.o(.text) for __default_signal_display
    __raise.o(.text) refers to defsig.o(CL$$defsig) for __default_signal_handler
    defsig_general.o(.text) refers to sys_wrch.o(.text) for _ttywrch
    sys_wrch.o(.text) refers (Special) to use_no_semi.o(.text) for __I$use$semihosting
    sys_wrch.o(.text) refers (Special) to indicate_semi.o(.text) for __semihosting_library_function
    sys_wrch_hlt.o(.text) refers (Special) to use_no_semi.o(.text) for __I$use$semihosting
    sys_wrch_hlt.o(.text) refers (Special) to indicate_semi.o(.text) for __semihosting_library_function
    defsig.o(CL$$defsig) refers to defsig_rtmem_inner.o(.text) for __rt_SIGRTMEM_inner
    defsig_abrt_inner.o(.text) refers to defsig_general.o(.text) for __default_signal_display
    defsig_fpe_inner.o(.text) refers to defsig_general.o(.text) for __default_signal_display
    defsig_rtred_inner.o(.text) refers to defsig_general.o(.text) for __default_signal_display
    defsig_stak_inner.o(.text) refers to defsig_general.o(.text) for __default_signal_display
    defsig_pvfn_inner.o(.text) refers to defsig_general.o(.text) for __default_signal_display
    defsig_cppl_inner.o(.text) refers to defsig_general.o(.text) for __default_signal_display
    defsig_segv_inner.o(.text) refers to defsig_general.o(.text) for __default_signal_display
    defsig_other.o(.text) refers to defsig_general.o(.text) for __default_signal_display


==============================================================================

Removing Unused input sections from the image.

    Removing main.o(.text), (0 bytes).
    Removing main.o(.ARM.exidx.text.clockinit), (8 bytes).
    Removing main.o(.ARM.exidx.text.TIM2_init), (8 bytes).
    Removing main.o(.ARM.exidx.text.TIM7_init), (8 bytes).
    Removing main.o(.ARM.exidx.text.__NVIC_EnableIRQ), (8 bytes).
    Removing main.o(.ARM.exidx.text.TIM6_init), (8 bytes).
    Removing main.o(.ARM.exidx.text.ADC_init), (8 bytes).
    Removing main.o(.ARM.exidx.text.ADC1_IRQHandler), (8 bytes).
    Removing main.o(.ARM.exidx.text.EXTI1_IRQHandler), (8 bytes).
    Removing main.o(.ARM.exidx.text.EXTI3_IRQHandler), (8 bytes).
    Removing main.o(.ARM.exidx.text.EXTI9_5_IRQHandler), (8 bytes).
    Removing main.o(.ARM.exidx.text.Rotate), (8 bytes).
    Removing main.o(.text.Rotate_Angle), (326 bytes).
    Removing main.o(.ARM.exidx.text.Rotate_Angle), (8 bytes).
    Removing main.o(.text.returnHome), (70 bytes).
    Removing main.o(.ARM.exidx.text.returnHome), (8 bytes).
    Removing main.o(.ARM.exidx.text.TIM7_IRQHandler), (8 bytes).
    Removing main.o(.ARM.exidx.text.TIM6_DAC_IRQHandler), (8 bytes).
    Removing main.o(.text.delayuS), (96 bytes).
    Removing main.o(.ARM.exidx.text.delayuS), (8 bytes).
    Removing main.o(.ARM.exidx.text.ABSf), (8 bytes).
    Removing main.o(.ARM.exidx.text.updateFrequency), (8 bytes).
    Removing main.o(.ARM.exidx.text.SysTick_Handler), (8 bytes).
    Removing main.o(.ARM.exidx.text.main), (8 bytes).
    Removing main.o(.ARM.exidx.text.SysTick_Config), (8 bytes).
    Removing main.o(.ARM.exidx.text.__NVIC_ClearPendingIRQ), (8 bytes).
    Removing main.o(.ARM.exidx.text.__NVIC_SetPriority), (8 bytes).
    Removing main.o(.bss.encoderCountB), (4 bytes).
    Removing main.o(.bss.checkBStatus), (1 bytes).
    Removing main.o(.bss.checkBPid), (4 bytes).
    Removing main.o(.bss.test), (4 bytes).
    Removing main.o(.data.Kp2), (8 bytes).
    Removing main.o(.data.Kd2), (8 bytes).
    Removing main.o(.bss.ARRset), (2 bytes).
    Removing main.o(.bss.angle2Step), (4 bytes).
    Removing main.o(.bss.currentStepPosition), (4 bytes).
    Removing main.o(.ARM.use_no_argv), (4 bytes).
    Removing pid.o(.text), (0 bytes).
    Removing pid.o(.text.updateValue), (106 bytes).
    Removing pid.o(.ARM.exidx.text.updateValue), (8 bytes).
    Removing pid.o(.ARM.exidx.text.updateValue2), (8 bytes).
    Removing pid.o(.text.PI), (142 bytes).
    Removing pid.o(.ARM.exidx.text.PI), (8 bytes).
    Removing pid.o(.ARM.exidx.text.PD), (8 bytes).
    Removing pid.o(.text.PID), (400 bytes).
    Removing pid.o(.ARM.exidx.text.PID), (8 bytes).
    Removing system_stm32l4xx.o(.text), (0 bytes).
    Removing system_stm32l4xx.o(.ARM.exidx.text.SystemInit), (8 bytes).
    Removing system_stm32l4xx.o(.text.SystemCoreClockUpdate), (380 bytes).
    Removing system_stm32l4xx.o(.ARM.exidx.text.SystemCoreClockUpdate), (8 bytes).
    Removing system_stm32l4xx.o(.data.SystemCoreClock), (4 bytes).
    Removing system_stm32l4xx.o(.rodata.AHBPrescTable), (16 bytes).
    Removing system_stm32l4xx.o(.rodata.APBPrescTable), (8 bytes).
    Removing system_stm32l4xx.o(.rodata.MSIRangeTable), (48 bytes).

54 unused section(s) (total 1879 bytes) removed from the image.

==============================================================================

Image Symbol Table

    Local Symbols

    Symbol Name                              Value     Ov Type        Size  Object(Section)

    ../clib/angel/boardlib.s                 0x00000000   Number         0  boardinit1.o ABSOLUTE
    ../clib/angel/boardlib.s                 0x00000000   Number         0  boardinit2.o ABSOLUTE
    ../clib/angel/boardlib.s                 0x00000000   Number         0  boardinit3.o ABSOLUTE
    ../clib/angel/boardlib.s                 0x00000000   Number         0  boardshut.o ABSOLUTE
    ../clib/angel/handlers.s                 0x00000000   Number         0  __scatter_copy.o ABSOLUTE
    ../clib/angel/handlers.s                 0x00000000   Number         0  __scatter_zi.o ABSOLUTE
    ../clib/angel/kernel.s                   0x00000000   Number         0  __rtentry.o ABSOLUTE
    ../clib/angel/kernel.s                   0x00000000   Number         0  __rtentry2.o ABSOLUTE
    ../clib/angel/kernel.s                   0x00000000   Number         0  __rtentry4.o ABSOLUTE
    ../clib/angel/kernel.s                   0x00000000   Number         0  rtexit.o ABSOLUTE
    ../clib/angel/kernel.s                   0x00000000   Number         0  rtexit2.o ABSOLUTE
    ../clib/angel/rt.s                       0x00000000   Number         0  rt_raise.o ABSOLUTE
    ../clib/angel/scatter.s                  0x00000000   Number         0  __scatter.o ABSOLUTE
    ../clib/angel/startup.s                  0x00000000   Number         0  __main.o ABSOLUTE
    ../clib/angel/sys.s                      0x00000000   Number         0  sys_stackheap_outer.o ABSOLUTE
    ../clib/angel/sys.s                      0x00000000   Number         0  libspace.o ABSOLUTE
    ../clib/angel/sys.s                      0x00000000   Number         0  use_no_semi.o ABSOLUTE
    ../clib/angel/sys.s                      0x00000000   Number         0  indicate_semi.o ABSOLUTE
    ../clib/angel/sysapp.c                   0x00000000   Number         0  sys_exit.o ABSOLUTE
    ../clib/angel/sysapp.c                   0x00000000   Number         0  sys_exit_hlt.o ABSOLUTE
    ../clib/angel/sysapp.c                   0x00000000   Number         0  sys_command.o ABSOLUTE
    ../clib/angel/sysapp.c                   0x00000000   Number         0  sys_command_hlt.o ABSOLUTE
    ../clib/angel/sysapp.c                   0x00000000   Number         0  sys_wrch.o ABSOLUTE
    ../clib/angel/sysapp.c                   0x00000000   Number         0  sys_wrch_hlt.o ABSOLUTE
    ../clib/armsys.c                         0x00000000   Number         0  argv_veneer.o ABSOLUTE
    ../clib/armsys.c                         0x00000000   Number         0  argv_veneer.o ABSOLUTE
    ../clib/armsys.c                         0x00000000   Number         0  _get_argv_nomalloc.o ABSOLUTE
    ../clib/armsys.c                         0x00000000   Number         0  no_argv.o ABSOLUTE
    ../clib/heapalloc.c                      0x00000000   Number         0  hrguard.o ABSOLUTE
    ../clib/heapaux.c                        0x00000000   Number         0  heapauxi.o ABSOLUTE
    ../clib/libinit.s                        0x00000000   Number         0  libinit.o ABSOLUTE
    ../clib/libinit.s                        0x00000000   Number         0  libinit2.o ABSOLUTE
    ../clib/libinit.s                        0x00000000   Number         0  libshutdown.o ABSOLUTE
    ../clib/libinit.s                        0x00000000   Number         0  libshutdown2.o ABSOLUTE
    ../clib/signal.c                         0x00000000   Number         0  defsig_rtmem_outer.o ABSOLUTE
    ../clib/signal.c                         0x00000000   Number         0  defsig_rtmem_formal.o ABSOLUTE
    ../clib/signal.c                         0x00000000   Number         0  defsig_exit.o ABSOLUTE
    ../clib/signal.c                         0x00000000   Number         0  defsig_rtmem_inner.o ABSOLUTE
    ../clib/signal.c                         0x00000000   Number         0  __raise.o ABSOLUTE
    ../clib/signal.c                         0x00000000   Number         0  defsig_general.o ABSOLUTE
    ../clib/signal.c                         0x00000000   Number         0  defsig_abrt_inner.o ABSOLUTE
    ../clib/signal.c                         0x00000000   Number         0  defsig_fpe_inner.o ABSOLUTE
    ../clib/signal.c                         0x00000000   Number         0  defsig_rtred_inner.o ABSOLUTE
    ../clib/signal.c                         0x00000000   Number         0  defsig_stak_inner.o ABSOLUTE
    ../clib/signal.c                         0x00000000   Number         0  defsig_pvfn_inner.o ABSOLUTE
    ../clib/signal.c                         0x00000000   Number         0  defsig_cppl_inner.o ABSOLUTE
    ../clib/signal.c                         0x00000000   Number         0  defsig_segv_inner.o ABSOLUTE
    ../clib/signal.c                         0x00000000   Number         0  defsig_other.o ABSOLUTE
    ../clib/signal.s                         0x00000000   Number         0  defsig.o ABSOLUTE
    ../clib/stdlib.c                         0x00000000   Number         0  abs.o ABSOLUTE
    ../clib/stdlib.c                         0x00000000   Number         0  exit.o ABSOLUTE
    ../fplib/daddsub.s                       0x00000000   Number         0  daddsub_clz.o ABSOLUTE
    ../fplib/dcmp.s                          0x00000000   Number         0  dcmp.o ABSOLUTE
    ../fplib/dcmpi.s                         0x00000000   Number         0  dcmpi.o ABSOLUTE
    ../fplib/ddiv.s                          0x00000000   Number         0  ddiv.o ABSOLUTE
    ../fplib/deqf.s                          0x00000000   Number         0  deqf.o ABSOLUTE
    ../fplib/dfix.s                          0x00000000   Number         0  dfix.o ABSOLUTE
    ../fplib/dflt.s                          0x00000000   Number         0  dflt_clz.o ABSOLUTE
    ../fplib/dgeqf.s                         0x00000000   Number         0  dgeqf.o ABSOLUTE
    ../fplib/dleqf.s                         0x00000000   Number         0  dleqf.o ABSOLUTE
    ../fplib/dmul.s                          0x00000000   Number         0  dmul.o ABSOLUTE
    ../fplib/dnaninf.s                       0x00000000   Number         0  dnaninf.o ABSOLUTE
    ../fplib/dretinf.s                       0x00000000   Number         0  dretinf.o ABSOLUTE
    ../fplib/fpinit.s                        0x00000000   Number         0  fpinit.o ABSOLUTE
    ../fplib/usenofp.s                       0x00000000   Number         0  usenofp.o ABSOLUTE
    PID.c                                    0x00000000   Number         0  pid.o ABSOLUTE
    RTE/Device/STM32L432KCUx/startup_stm32l432xx.s 0x00000000   Number         0  startup_stm32l432xx.o ABSOLUTE
    dc.s                                     0x00000000   Number         0  dc.o ABSOLUTE
    main.c                                   0x00000000   Number         0  main.o ABSOLUTE
    system_stm32l4xx.c                       0x00000000   Number         0  system_stm32l4xx.o ABSOLUTE
    RESET                                    0x08000000   Section      396  startup_stm32l432xx.o(RESET)
    !!!main                                  0x0800018c   Section        8  __main.o(!!!main)
    !!!scatter                               0x08000194   Section       52  __scatter.o(!!!scatter)
    !!handler_copy                           0x080001c8   Section       26  __scatter_copy.o(!!handler_copy)
    !!handler_zi                             0x080001e4   Section       28  __scatter_zi.o(!!handler_zi)
    .ARM.Collect$$libinit$$00000000          0x08000200   Section        2  libinit.o(.ARM.Collect$$libinit$$00000000)
    .ARM.Collect$$libinit$$00000001          0x08000202   Section        4  libinit2.o(.ARM.Collect$$libinit$$00000001)
    .ARM.Collect$$libinit$$00000004          0x08000206   Section        0  libinit2.o(.ARM.Collect$$libinit$$00000004)
    .ARM.Collect$$libinit$$00000006          0x08000206   Section        0  libinit2.o(.ARM.Collect$$libinit$$00000006)
    .ARM.Collect$$libinit$$0000000C          0x08000206   Section        0  libinit2.o(.ARM.Collect$$libinit$$0000000C)
    .ARM.Collect$$libinit$$0000000E          0x08000206   Section        0  libinit2.o(.ARM.Collect$$libinit$$0000000E)
    .ARM.Collect$$libinit$$00000010          0x08000206   Section        0  libinit2.o(.ARM.Collect$$libinit$$00000010)
    .ARM.Collect$$libinit$$00000013          0x08000206   Section        0  libinit2.o(.ARM.Collect$$libinit$$00000013)
    .ARM.Collect$$libinit$$00000015          0x08000206   Section        0  libinit2.o(.ARM.Collect$$libinit$$00000015)
    .ARM.Collect$$libinit$$00000017          0x08000206   Section        0  libinit2.o(.ARM.Collect$$libinit$$00000017)
    .ARM.Collect$$libinit$$00000019          0x08000206   Section        0  libinit2.o(.ARM.Collect$$libinit$$00000019)
    .ARM.Collect$$libinit$$0000001B          0x08000206   Section        0  libinit2.o(.ARM.Collect$$libinit$$0000001B)
    .ARM.Collect$$libinit$$0000001D          0x08000206   Section        0  libinit2.o(.ARM.Collect$$libinit$$0000001D)
    .ARM.Collect$$libinit$$0000001F          0x08000206   Section        0  libinit2.o(.ARM.Collect$$libinit$$0000001F)
    .ARM.Collect$$libinit$$00000021          0x08000206   Section        0  libinit2.o(.ARM.Collect$$libinit$$00000021)
    .ARM.Collect$$libinit$$00000023          0x08000206   Section        0  libinit2.o(.ARM.Collect$$libinit$$00000023)
    .ARM.Collect$$libinit$$00000025          0x08000206   Section        0  libinit2.o(.ARM.Collect$$libinit$$00000025)
    .ARM.Collect$$libinit$$00000027          0x08000206   Section        0  libinit2.o(.ARM.Collect$$libinit$$00000027)
    .ARM.Collect$$libinit$$0000002E          0x08000206   Section        0  libinit2.o(.ARM.Collect$$libinit$$0000002E)
    .ARM.Collect$$libinit$$00000030          0x08000206   Section        0  libinit2.o(.ARM.Collect$$libinit$$00000030)
    .ARM.Collect$$libinit$$00000032          0x08000206   Section        0  libinit2.o(.ARM.Collect$$libinit$$00000032)
    .ARM.Collect$$libinit$$00000034          0x08000206   Section        0  libinit2.o(.ARM.Collect$$libinit$$00000034)
    .ARM.Collect$$libinit$$00000035          0x08000206   Section        2  libinit2.o(.ARM.Collect$$libinit$$00000035)
    .ARM.Collect$$libshutdown$$00000000      0x08000208   Section        2  libshutdown.o(.ARM.Collect$$libshutdown$$00000000)
    .ARM.Collect$$libshutdown$$00000002      0x0800020a   Section        0  libshutdown2.o(.ARM.Collect$$libshutdown$$00000002)
    .ARM.Collect$$libshutdown$$00000004      0x0800020a   Section        0  libshutdown2.o(.ARM.Collect$$libshutdown$$00000004)
    .ARM.Collect$$libshutdown$$00000007      0x0800020a   Section        0  libshutdown2.o(.ARM.Collect$$libshutdown$$00000007)
    .ARM.Collect$$libshutdown$$0000000A      0x0800020a   Section        0  libshutdown2.o(.ARM.Collect$$libshutdown$$0000000A)
    .ARM.Collect$$libshutdown$$0000000C      0x0800020a   Section        0  libshutdown2.o(.ARM.Collect$$libshutdown$$0000000C)
    .ARM.Collect$$libshutdown$$0000000F      0x0800020a   Section        0  libshutdown2.o(.ARM.Collect$$libshutdown$$0000000F)
    .ARM.Collect$$libshutdown$$00000010      0x0800020a   Section        2  libshutdown2.o(.ARM.Collect$$libshutdown$$00000010)
    .ARM.Collect$$rtentry$$00000000          0x0800020c   Section        0  __rtentry.o(.ARM.Collect$$rtentry$$00000000)
    .ARM.Collect$$rtentry$$00000002          0x0800020c   Section        0  __rtentry2.o(.ARM.Collect$$rtentry$$00000002)
    .ARM.Collect$$rtentry$$00000004          0x0800020c   Section        6  __rtentry4.o(.ARM.Collect$$rtentry$$00000004)
    .ARM.Collect$$rtentry$$00000009          0x08000212   Section        0  __rtentry2.o(.ARM.Collect$$rtentry$$00000009)
    .ARM.Collect$$rtentry$$0000000A          0x08000212   Section        4  __rtentry2.o(.ARM.Collect$$rtentry$$0000000A)
    .ARM.Collect$$rtentry$$0000000C          0x08000216   Section        0  __rtentry2.o(.ARM.Collect$$rtentry$$0000000C)
    .ARM.Collect$$rtentry$$0000000D          0x08000216   Section        8  __rtentry2.o(.ARM.Collect$$rtentry$$0000000D)
    .ARM.Collect$$rtexit$$00000000           0x0800021e   Section        2  rtexit.o(.ARM.Collect$$rtexit$$00000000)
    .ARM.Collect$$rtexit$$00000002           0x08000220   Section        0  rtexit2.o(.ARM.Collect$$rtexit$$00000002)
    .ARM.Collect$$rtexit$$00000003           0x08000220   Section        4  rtexit2.o(.ARM.Collect$$rtexit$$00000003)
    .ARM.Collect$$rtexit$$00000004           0x08000224   Section        6  rtexit2.o(.ARM.Collect$$rtexit$$00000004)
    $v0                                      0x0800022c   Number         0  startup_stm32l432xx.o(.text)
    .text                                    0x0800022c   Section       64  startup_stm32l432xx.o(.text)
    .text                                    0x0800026c   Section        0  abs.o(.text)
    .text                                    0x08000274   Section        0  heapauxi.o(.text)
    .text                                    0x0800027a   Section       74  sys_stackheap_outer.o(.text)
    .text                                    0x080002c4   Section        0  exit.o(.text)
    .text                                    0x080002d8   Section        8  libspace.o(.text)
    .text                                    0x080002e0   Section        0  sys_exit.o(.text)
    .text                                    0x080002ec   Section        2  use_no_semi.o(.text)
    .text                                    0x080002ee   Section        0  indicate_semi.o(.text)
    [Anonymous Symbol]                       0x080002f0   Section        0  main.o(.text.ABSf)
    [Anonymous Symbol]                       0x08000340   Section        0  main.o(.text.ADC1_IRQHandler)
    [Anonymous Symbol]                       0x08000384   Section        0  main.o(.text.ADC_init)
    [Anonymous Symbol]                       0x0800042c   Section        0  main.o(.text.EXTI1_IRQHandler)
    [Anonymous Symbol]                       0x08000570   Section        0  main.o(.text.EXTI3_IRQHandler)
    [Anonymous Symbol]                       0x080006b4   Section        0  main.o(.text.EXTI9_5_IRQHandler)
    [Anonymous Symbol]                       0x08000700   Section        0  pid.o(.text.PD)
    [Anonymous Symbol]                       0x080007d8   Section        0  main.o(.text.Rotate)
    SysTick_Config                           0x08000889   Thumb Code    82  main.o(.text.SysTick_Config)
    [Anonymous Symbol]                       0x08000888   Section        0  main.o(.text.SysTick_Config)
    [Anonymous Symbol]                       0x080008dc   Section        0  main.o(.text.SysTick_Handler)
    [Anonymous Symbol]                       0x08000924   Section        0  system_stm32l4xx.o(.text.SystemInit)
    [Anonymous Symbol]                       0x08000980   Section        0  main.o(.text.TIM2_init)
    [Anonymous Symbol]                       0x080009ec   Section        0  main.o(.text.TIM6_DAC_IRQHandler)
    [Anonymous Symbol]                       0x08000a08   Section        0  main.o(.text.TIM6_init)
    [Anonymous Symbol]                       0x08000a48   Section        0  main.o(.text.TIM7_IRQHandler)
    [Anonymous Symbol]                       0x08000a88   Section        0  main.o(.text.TIM7_init)
    __NVIC_ClearPendingIRQ                   0x08000acd   Thumb Code    48  main.o(.text.__NVIC_ClearPendingIRQ)
    [Anonymous Symbol]                       0x08000acc   Section        0  main.o(.text.__NVIC_ClearPendingIRQ)
    __NVIC_EnableIRQ                         0x08000afd   Thumb Code    48  main.o(.text.__NVIC_EnableIRQ)
    [Anonymous Symbol]                       0x08000afc   Section        0  main.o(.text.__NVIC_EnableIRQ)
    __NVIC_SetPriority                       0x08000b2d   Thumb Code    66  main.o(.text.__NVIC_SetPriority)
    [Anonymous Symbol]                       0x08000b2c   Section        0  main.o(.text.__NVIC_SetPriority)
    [Anonymous Symbol]                       0x08000b70   Section        0  main.o(.text.clockinit)
    [Anonymous Symbol]                       0x08000c20   Section        0  main.o(.text.main)
    [Anonymous Symbol]                       0x08000e78   Section        0  main.o(.text.updateFrequency)
    [Anonymous Symbol]                       0x08001040   Section        0  pid.o(.text.updateValue2)
    $v0                                      0x08001058   Number         0  daddsub_clz.o(x$fpl$dadd)
    x$fpl$dadd                               0x08001058   Section      336  daddsub_clz.o(x$fpl$dadd)
    _dadd1                                   0x08001069   Thumb Code     0  daddsub_clz.o(x$fpl$dadd)
    $v0                                      0x080011a8   Number         0  dcmpi.o(x$fpl$dcmpinf)
    x$fpl$dcmpinf                            0x080011a8   Section       24  dcmpi.o(x$fpl$dcmpinf)
    $v0                                      0x080011c0   Number         0  ddiv.o(x$fpl$ddiv)
    x$fpl$ddiv                               0x080011c0   Section      692  ddiv.o(x$fpl$ddiv)
    ddiv_entry                               0x080011c7   Thumb Code     0  ddiv.o(x$fpl$ddiv)
    $v0                                      0x08001474   Number         0  deqf.o(x$fpl$deqf)
    x$fpl$deqf                               0x08001474   Section      120  deqf.o(x$fpl$deqf)
    $v0                                      0x080014ec   Number         0  dfix.o(x$fpl$dfix)
    x$fpl$dfix                               0x080014ec   Section       94  dfix.o(x$fpl$dfix)
    $v0                                      0x0800154a   Number         0  dflt_clz.o(x$fpl$dflt)
    x$fpl$dflt                               0x0800154a   Section       46  dflt_clz.o(x$fpl$dflt)
    $v0                                      0x08001578   Number         0  dgeqf.o(x$fpl$dgeqf)
    x$fpl$dgeqf                              0x08001578   Section      120  dgeqf.o(x$fpl$dgeqf)
    $v0                                      0x080015f0   Number         0  dleqf.o(x$fpl$dleqf)
    x$fpl$dleqf                              0x080015f0   Section      120  dleqf.o(x$fpl$dleqf)
    $v0                                      0x08001668   Number         0  dmul.o(x$fpl$dmul)
    x$fpl$dmul                               0x08001668   Section      340  dmul.o(x$fpl$dmul)
    $v0                                      0x080017bc   Number         0  dnaninf.o(x$fpl$dnaninf)
    x$fpl$dnaninf                            0x080017bc   Section      156  dnaninf.o(x$fpl$dnaninf)
    $v0                                      0x08001858   Number         0  dretinf.o(x$fpl$dretinf)
    x$fpl$dretinf                            0x08001858   Section       12  dretinf.o(x$fpl$dretinf)
    $v0                                      0x08001864   Number         0  daddsub_clz.o(x$fpl$dsub)
    x$fpl$dsub                               0x08001864   Section      476  daddsub_clz.o(x$fpl$dsub)
    _dsub1                                   0x08001875   Thumb Code     0  daddsub_clz.o(x$fpl$dsub)
    $v0                                      0x08001a40   Number         0  dcmp.o(x$fpl$fcmp)
    x$fpl$fcmp                               0x08001a40   Section       84  dcmp.o(x$fpl$fcmp)
    $v0                                      0x08001a94   Number         0  fpinit.o(x$fpl$fpinit)
    x$fpl$fpinit                             0x08001a94   Section       26  fpinit.o(x$fpl$fpinit)
    x$fpl$usenofp                            0x08001aae   Section        0  usenofp.o(x$fpl$usenofp)
    .bss                                     0x20000018   Section       96  libspace.o(.bss)
    frequency                                0x20000088   Data           8  main.o(.bss.frequency)
    [Anonymous Symbol]                       0x20000088   Section        0  main.o(.bss.frequency)
    micro                                    0x20000090   Data           4  main.o(.bss.micro)
    [Anonymous Symbol]                       0x20000090   Section        0  main.o(.bss.micro)
    rotCtr                                   0x20000098   Data           4  main.o(.bss.rotCtr)
    [Anonymous Symbol]                       0x20000098   Section        0  main.o(.bss.rotCtr)
    Heap_Mem                                 0x200000b0   Data         512  startup_stm32l432xx.o(HEAP)
    HEAP                                     0x200000b0   Section      512  startup_stm32l432xx.o(HEAP)
    Stack_Mem                                0x200002b0   Data        1024  startup_stm32l432xx.o(STACK)
    STACK                                    0x200002b0   Section     1024  startup_stm32l432xx.o(STACK)
    __initial_sp                             0x200006b0   Data           0  startup_stm32l432xx.o(STACK)

    Global Symbols

    Symbol Name                              Value     Ov Type        Size  Object(Section)

    BuildAttributes$$THM_ISAv4$E$P$D$K$B$S$7EM$VFPi3$EXTD16$VFPS$VFMA$PE$A:L22UL41UL21$X:L11$S22US41US21$IEEE1$IW$~IW$USESV6$~STKCKD$USESV7$~SHL$OSPACE$ROPI$EBA8$UX$STANDARDLIB$REQ8$PRES8$EABIv2 0x00000000   Number         0  anon$$obj.o ABSOLUTE
    __ARM_exceptions_init                     - Undefined Weak Reference
    __alloca_initialize                       - Undefined Weak Reference
    __arm_preinit_                            - Undefined Weak Reference
    __arm_relocate_pie_                       - Undefined Weak Reference
    __cpp_initialize__aeabi_                  - Undefined Weak Reference
    __cxa_finalize                            - Undefined Weak Reference
    __rt_locale                               - Undefined Weak Reference
    __sigvec_lookup                           - Undefined Weak Reference
    _atexit_init                              - Undefined Weak Reference
    _call_atexit_fns                          - Undefined Weak Reference
    _clock_init                               - Undefined Weak Reference
    _fp_trap_init                             - Undefined Weak Reference
    _fp_trap_shutdown                         - Undefined Weak Reference
    _get_lc_collate                           - Undefined Weak Reference
    _get_lc_ctype                             - Undefined Weak Reference
    _get_lc_monetary                          - Undefined Weak Reference
    _get_lc_numeric                           - Undefined Weak Reference
    _get_lc_time                              - Undefined Weak Reference
    _getenv_init                              - Undefined Weak Reference
    _handle_redirection                       - Undefined Weak Reference
    _init_alloc                               - Undefined Weak Reference
    _init_user_alloc                          - Undefined Weak Reference
    _initio                                   - Undefined Weak Reference
    _rand_init                                - Undefined Weak Reference
    _signal_finish                            - Undefined Weak Reference
    _signal_init                              - Undefined Weak Reference
    _terminate_alloc                          - Undefined Weak Reference
    _terminate_user_alloc                     - Undefined Weak Reference
    _terminateio                              - Undefined Weak Reference
    __Vectors_Size                           0x0000018c   Number         0  startup_stm32l432xx.o ABSOLUTE
    __Vectors                                0x08000000   Data           4  startup_stm32l432xx.o(RESET)
    __Vectors_End                            0x0800018c   Data           0  startup_stm32l432xx.o(RESET)
    __main                                   0x0800018d   Thumb Code     8  __main.o(!!!main)
    __scatterload                            0x08000195   Thumb Code     0  __scatter.o(!!!scatter)
    __scatterload_rt2                        0x08000195   Thumb Code    44  __scatter.o(!!!scatter)
    __scatterload_rt2_thumb_only             0x08000195   Thumb Code     0  __scatter.o(!!!scatter)
    __scatterload_null                       0x080001a3   Thumb Code     0  __scatter.o(!!!scatter)
    __scatterload_copy                       0x080001c9   Thumb Code    26  __scatter_copy.o(!!handler_copy)
    __scatterload_zeroinit                   0x080001e5   Thumb Code    28  __scatter_zi.o(!!handler_zi)
    __rt_lib_init                            0x08000201   Thumb Code     0  libinit.o(.ARM.Collect$$libinit$$00000000)
    __rt_lib_init_fp_1                       0x08000203   Thumb Code     0  libinit2.o(.ARM.Collect$$libinit$$00000001)
    __rt_lib_init_alloca_1                   0x08000207   Thumb Code     0  libinit2.o(.ARM.Collect$$libinit$$00000030)
    __rt_lib_init_argv_1                     0x08000207   Thumb Code     0  libinit2.o(.ARM.Collect$$libinit$$0000002E)
    __rt_lib_init_atexit_1                   0x08000207   Thumb Code     0  libinit2.o(.ARM.Collect$$libinit$$0000001D)
    __rt_lib_init_clock_1                    0x08000207   Thumb Code     0  libinit2.o(.ARM.Collect$$libinit$$00000023)
    __rt_lib_init_cpp_1                      0x08000207   Thumb Code     0  libinit2.o(.ARM.Collect$$libinit$$00000034)
    __rt_lib_init_exceptions_1               0x08000207   Thumb Code     0  libinit2.o(.ARM.Collect$$libinit$$00000032)
    __rt_lib_init_fp_trap_1                  0x08000207   Thumb Code     0  libinit2.o(.ARM.Collect$$libinit$$00000021)
    __rt_lib_init_getenv_1                   0x08000207   Thumb Code     0  libinit2.o(.ARM.Collect$$libinit$$00000025)
    __rt_lib_init_heap_1                     0x08000207   Thumb Code     0  libinit2.o(.ARM.Collect$$libinit$$0000000C)
    __rt_lib_init_lc_collate_1               0x08000207   Thumb Code     0  libinit2.o(.ARM.Collect$$libinit$$00000013)
    __rt_lib_init_lc_ctype_1                 0x08000207   Thumb Code     0  libinit2.o(.ARM.Collect$$libinit$$00000015)
    __rt_lib_init_lc_monetary_1              0x08000207   Thumb Code     0  libinit2.o(.ARM.Collect$$libinit$$00000017)
    __rt_lib_init_lc_numeric_1               0x08000207   Thumb Code     0  libinit2.o(.ARM.Collect$$libinit$$00000019)
    __rt_lib_init_lc_time_1                  0x08000207   Thumb Code     0  libinit2.o(.ARM.Collect$$libinit$$0000001B)
    __rt_lib_init_preinit_1                  0x08000207   Thumb Code     0  libinit2.o(.ARM.Collect$$libinit$$00000006)
    __rt_lib_init_rand_1                     0x08000207   Thumb Code     0  libinit2.o(.ARM.Collect$$libinit$$00000010)
    __rt_lib_init_relocate_pie_1             0x08000207   Thumb Code     0  libinit2.o(.ARM.Collect$$libinit$$00000004)
    __rt_lib_init_return                     0x08000207   Thumb Code     0  libinit2.o(.ARM.Collect$$libinit$$00000035)
    __rt_lib_init_signal_1                   0x08000207   Thumb Code     0  libinit2.o(.ARM.Collect$$libinit$$0000001F)
    __rt_lib_init_stdio_1                    0x08000207   Thumb Code     0  libinit2.o(.ARM.Collect$$libinit$$00000027)
    __rt_lib_init_user_alloc_1               0x08000207   Thumb Code     0  libinit2.o(.ARM.Collect$$libinit$$0000000E)
    __rt_lib_shutdown                        0x08000209   Thumb Code     0  libshutdown.o(.ARM.Collect$$libshutdown$$00000000)
    __rt_lib_shutdown_cpp_1                  0x0800020b   Thumb Code     0  libshutdown2.o(.ARM.Collect$$libshutdown$$00000002)
    __rt_lib_shutdown_fp_trap_1              0x0800020b   Thumb Code     0  libshutdown2.o(.ARM.Collect$$libshutdown$$00000007)
    __rt_lib_shutdown_heap_1                 0x0800020b   Thumb Code     0  libshutdown2.o(.ARM.Collect$$libshutdown$$0000000F)
    __rt_lib_shutdown_return                 0x0800020b   Thumb Code     0  libshutdown2.o(.ARM.Collect$$libshutdown$$00000010)
    __rt_lib_shutdown_signal_1               0x0800020b   Thumb Code     0  libshutdown2.o(.ARM.Collect$$libshutdown$$0000000A)
    __rt_lib_shutdown_stdio_1                0x0800020b   Thumb Code     0  libshutdown2.o(.ARM.Collect$$libshutdown$$00000004)
    __rt_lib_shutdown_user_alloc_1           0x0800020b   Thumb Code     0  libshutdown2.o(.ARM.Collect$$libshutdown$$0000000C)
    __rt_entry                               0x0800020d   Thumb Code     0  __rtentry.o(.ARM.Collect$$rtentry$$00000000)
    __rt_entry_presh_1                       0x0800020d   Thumb Code     0  __rtentry2.o(.ARM.Collect$$rtentry$$00000002)
    __rt_entry_sh                            0x0800020d   Thumb Code     0  __rtentry4.o(.ARM.Collect$$rtentry$$00000004)
    __rt_entry_li                            0x08000213   Thumb Code     0  __rtentry2.o(.ARM.Collect$$rtentry$$0000000A)
    __rt_entry_postsh_1                      0x08000213   Thumb Code     0  __rtentry2.o(.ARM.Collect$$rtentry$$00000009)
    __rt_entry_main                          0x08000217   Thumb Code     0  __rtentry2.o(.ARM.Collect$$rtentry$$0000000D)
    __rt_entry_postli_1                      0x08000217   Thumb Code     0  __rtentry2.o(.ARM.Collect$$rtentry$$0000000C)
    __rt_exit                                0x0800021f   Thumb Code     0  rtexit.o(.ARM.Collect$$rtexit$$00000000)
    __rt_exit_ls                             0x08000221   Thumb Code     0  rtexit2.o(.ARM.Collect$$rtexit$$00000003)
    __rt_exit_prels_1                        0x08000221   Thumb Code     0  rtexit2.o(.ARM.Collect$$rtexit$$00000002)
    __rt_exit_exit                           0x08000225   Thumb Code     0  rtexit2.o(.ARM.Collect$$rtexit$$00000004)
    Reset_Handler                            0x0800022d   Thumb Code     8  startup_stm32l432xx.o(.text)
    NMI_Handler                              0x08000235   Thumb Code     2  startup_stm32l432xx.o(.text)
    HardFault_Handler                        0x08000237   Thumb Code     2  startup_stm32l432xx.o(.text)
    MemManage_Handler                        0x08000239   Thumb Code     2  startup_stm32l432xx.o(.text)
    BusFault_Handler                         0x0800023b   Thumb Code     2  startup_stm32l432xx.o(.text)
    UsageFault_Handler                       0x0800023d   Thumb Code     2  startup_stm32l432xx.o(.text)
    SVC_Handler                              0x0800023f   Thumb Code     2  startup_stm32l432xx.o(.text)
    DebugMon_Handler                         0x08000241   Thumb Code     2  startup_stm32l432xx.o(.text)
    PendSV_Handler                           0x08000243   Thumb Code     2  startup_stm32l432xx.o(.text)
    CAN1_RX0_IRQHandler                      0x08000247   Thumb Code     0  startup_stm32l432xx.o(.text)
    CAN1_RX1_IRQHandler                      0x08000247   Thumb Code     0  startup_stm32l432xx.o(.text)
    CAN1_SCE_IRQHandler                      0x08000247   Thumb Code     0  startup_stm32l432xx.o(.text)
    CAN1_TX_IRQHandler                       0x08000247   Thumb Code     0  startup_stm32l432xx.o(.text)
    COMP_IRQHandler                          0x08000247   Thumb Code     0  startup_stm32l432xx.o(.text)
    CRS_IRQHandler                           0x08000247   Thumb Code     0  startup_stm32l432xx.o(.text)
    DMA1_Channel1_IRQHandler                 0x08000247   Thumb Code     0  startup_stm32l432xx.o(.text)
    DMA1_Channel2_IRQHandler                 0x08000247   Thumb Code     0  startup_stm32l432xx.o(.text)
    DMA1_Channel3_IRQHandler                 0x08000247   Thumb Code     0  startup_stm32l432xx.o(.text)
    DMA1_Channel4_IRQHandler                 0x08000247   Thumb Code     0  startup_stm32l432xx.o(.text)
    DMA1_Channel5_IRQHandler                 0x08000247   Thumb Code     0  startup_stm32l432xx.o(.text)
    DMA1_Channel6_IRQHandler                 0x08000247   Thumb Code     0  startup_stm32l432xx.o(.text)
    DMA1_Channel7_IRQHandler                 0x08000247   Thumb Code     0  startup_stm32l432xx.o(.text)
    DMA2_Channel1_IRQHandler                 0x08000247   Thumb Code     0  startup_stm32l432xx.o(.text)
    DMA2_Channel2_IRQHandler                 0x08000247   Thumb Code     0  startup_stm32l432xx.o(.text)
    DMA2_Channel3_IRQHandler                 0x08000247   Thumb Code     0  startup_stm32l432xx.o(.text)
    DMA2_Channel4_IRQHandler                 0x08000247   Thumb Code     0  startup_stm32l432xx.o(.text)
    DMA2_Channel5_IRQHandler                 0x08000247   Thumb Code     0  startup_stm32l432xx.o(.text)
    DMA2_Channel6_IRQHandler                 0x08000247   Thumb Code     0  startup_stm32l432xx.o(.text)
    DMA2_Channel7_IRQHandler                 0x08000247   Thumb Code     0  startup_stm32l432xx.o(.text)
    EXTI0_IRQHandler                         0x08000247   Thumb Code     0  startup_stm32l432xx.o(.text)
    EXTI15_10_IRQHandler                     0x08000247   Thumb Code     0  startup_stm32l432xx.o(.text)
    EXTI2_IRQHandler                         0x08000247   Thumb Code     0  startup_stm32l432xx.o(.text)
    EXTI4_IRQHandler                         0x08000247   Thumb Code     0  startup_stm32l432xx.o(.text)
    FLASH_IRQHandler                         0x08000247   Thumb Code     0  startup_stm32l432xx.o(.text)
    FPU_IRQHandler                           0x08000247   Thumb Code     0  startup_stm32l432xx.o(.text)
    I2C1_ER_IRQHandler                       0x08000247   Thumb Code     0  startup_stm32l432xx.o(.text)
    I2C1_EV_IRQHandler                       0x08000247   Thumb Code     0  startup_stm32l432xx.o(.text)
    I2C3_ER_IRQHandler                       0x08000247   Thumb Code     0  startup_stm32l432xx.o(.text)
    I2C3_EV_IRQHandler                       0x08000247   Thumb Code     0  startup_stm32l432xx.o(.text)
    LPTIM1_IRQHandler                        0x08000247   Thumb Code     0  startup_stm32l432xx.o(.text)
    LPTIM2_IRQHandler                        0x08000247   Thumb Code     0  startup_stm32l432xx.o(.text)
    LPUART1_IRQHandler                       0x08000247   Thumb Code     0  startup_stm32l432xx.o(.text)
    PVD_PVM_IRQHandler                       0x08000247   Thumb Code     0  startup_stm32l432xx.o(.text)
    QUADSPI_IRQHandler                       0x08000247   Thumb Code     0  startup_stm32l432xx.o(.text)
    RCC_IRQHandler                           0x08000247   Thumb Code     0  startup_stm32l432xx.o(.text)
    RNG_IRQHandler                           0x08000247   Thumb Code     0  startup_stm32l432xx.o(.text)
    RTC_Alarm_IRQHandler                     0x08000247   Thumb Code     0  startup_stm32l432xx.o(.text)
    RTC_WKUP_IRQHandler                      0x08000247   Thumb Code     0  startup_stm32l432xx.o(.text)
    SAI1_IRQHandler                          0x08000247   Thumb Code     0  startup_stm32l432xx.o(.text)
    SPI1_IRQHandler                          0x08000247   Thumb Code     0  startup_stm32l432xx.o(.text)
    SPI3_IRQHandler                          0x08000247   Thumb Code     0  startup_stm32l432xx.o(.text)
    SWPMI1_IRQHandler                        0x08000247   Thumb Code     0  startup_stm32l432xx.o(.text)
    TAMP_STAMP_IRQHandler                    0x08000247   Thumb Code     0  startup_stm32l432xx.o(.text)
    TIM1_BRK_TIM15_IRQHandler                0x08000247   Thumb Code     0  startup_stm32l432xx.o(.text)
    TIM1_CC_IRQHandler                       0x08000247   Thumb Code     0  startup_stm32l432xx.o(.text)
    TIM1_TRG_COM_IRQHandler                  0x08000247   Thumb Code     0  startup_stm32l432xx.o(.text)
    TIM1_UP_TIM16_IRQHandler                 0x08000247   Thumb Code     0  startup_stm32l432xx.o(.text)
    TIM2_IRQHandler                          0x08000247   Thumb Code     0  startup_stm32l432xx.o(.text)
    TSC_IRQHandler                           0x08000247   Thumb Code     0  startup_stm32l432xx.o(.text)
    USART1_IRQHandler                        0x08000247   Thumb Code     0  startup_stm32l432xx.o(.text)
    USART2_IRQHandler                        0x08000247   Thumb Code     0  startup_stm32l432xx.o(.text)
    USB_IRQHandler                           0x08000247   Thumb Code     0  startup_stm32l432xx.o(.text)
    WWDG_IRQHandler                          0x08000247   Thumb Code     0  startup_stm32l432xx.o(.text)
    __user_initial_stackheap                 0x08000249   Thumb Code     0  startup_stm32l432xx.o(.text)
    abs                                      0x0800026d   Thumb Code     8  abs.o(.text)
    __use_two_region_memory                  0x08000275   Thumb Code     2  heapauxi.o(.text)
    __rt_heap_escrow$2region                 0x08000277   Thumb Code     2  heapauxi.o(.text)
    __rt_heap_expand$2region                 0x08000279   Thumb Code     2  heapauxi.o(.text)
    __user_setup_stackheap                   0x0800027b   Thumb Code    74  sys_stackheap_outer.o(.text)
    exit                                     0x080002c5   Thumb Code    18  exit.o(.text)
    __user_libspace                          0x080002d9   Thumb Code     8  libspace.o(.text)
    __user_perproc_libspace                  0x080002d9   Thumb Code     0  libspace.o(.text)
    __user_perthread_libspace                0x080002d9   Thumb Code     0  libspace.o(.text)
    _sys_exit                                0x080002e1   Thumb Code     8  sys_exit.o(.text)
    __I$use$semihosting                      0x080002ed   Thumb Code     0  use_no_semi.o(.text)
    __use_no_semihosting_swi                 0x080002ed   Thumb Code     2  use_no_semi.o(.text)
    __semihosting_library_function           0x080002ef   Thumb Code     0  indicate_semi.o(.text)
    ABSf                                     0x080002f1   Thumb Code    80  main.o(.text.ABSf)
    ADC1_IRQHandler                          0x08000341   Thumb Code    68  main.o(.text.ADC1_IRQHandler)
    ADC_init                                 0x08000385   Thumb Code   166  main.o(.text.ADC_init)
    EXTI1_IRQHandler                         0x0800042d   Thumb Code   322  main.o(.text.EXTI1_IRQHandler)
    EXTI3_IRQHandler                         0x08000571   Thumb Code   322  main.o(.text.EXTI3_IRQHandler)
    EXTI9_5_IRQHandler                       0x080006b5   Thumb Code    76  main.o(.text.EXTI9_5_IRQHandler)
    PD                                       0x08000701   Thumb Code   216  pid.o(.text.PD)
    Rotate                                   0x080007d9   Thumb Code   174  main.o(.text.Rotate)
    SysTick_Handler                          0x080008dd   Thumb Code    72  main.o(.text.SysTick_Handler)
    SystemInit                               0x08000925   Thumb Code    92  system_stm32l4xx.o(.text.SystemInit)
    TIM2_init                                0x08000981   Thumb Code   106  main.o(.text.TIM2_init)
    TIM6_DAC_IRQHandler                      0x080009ed   Thumb Code    28  main.o(.text.TIM6_DAC_IRQHandler)
    TIM6_init                                0x08000a09   Thumb Code    64  main.o(.text.TIM6_init)
    TIM7_IRQHandler                          0x08000a49   Thumb Code    62  main.o(.text.TIM7_IRQHandler)
    TIM7_init                                0x08000a89   Thumb Code    66  main.o(.text.TIM7_init)
    clockinit                                0x08000b71   Thumb Code   174  main.o(.text.clockinit)
    main                                     0x08000c21   Thumb Code   594  main.o(.text.main)
    updateFrequency                          0x08000e79   Thumb Code   456  main.o(.text.updateFrequency)
    updateValue2                             0x08001041   Thumb Code    22  pid.o(.text.updateValue2)
    __aeabi_dadd                             0x08001059   Thumb Code     0  daddsub_clz.o(x$fpl$dadd)
    _dadd                                    0x08001059   Thumb Code   332  daddsub_clz.o(x$fpl$dadd)
    __fpl_dcmp_Inf                           0x080011a9   Thumb Code    24  dcmpi.o(x$fpl$dcmpinf)
    __aeabi_ddiv                             0x080011c1   Thumb Code     0  ddiv.o(x$fpl$ddiv)
    _ddiv                                    0x080011c1   Thumb Code   556  ddiv.o(x$fpl$ddiv)
    __aeabi_cdcmpeq                          0x08001475   Thumb Code     0  deqf.o(x$fpl$deqf)
    _dcmpeq                                  0x08001475   Thumb Code   120  deqf.o(x$fpl$deqf)
    __aeabi_d2iz                             0x080014ed   Thumb Code     0  dfix.o(x$fpl$dfix)
    _dfix                                    0x080014ed   Thumb Code    94  dfix.o(x$fpl$dfix)
    __aeabi_i2d                              0x0800154b   Thumb Code     0  dflt_clz.o(x$fpl$dflt)
    _dflt                                    0x0800154b   Thumb Code    46  dflt_clz.o(x$fpl$dflt)
    __aeabi_cdcmpge                          0x08001579   Thumb Code     0  dgeqf.o(x$fpl$dgeqf)
    _dcmpge                                  0x08001579   Thumb Code   120  dgeqf.o(x$fpl$dgeqf)
    __aeabi_cdcmple                          0x080015f1   Thumb Code     0  dleqf.o(x$fpl$dleqf)
    _dcmple                                  0x080015f1   Thumb Code   120  dleqf.o(x$fpl$dleqf)
    __fpl_dcmple_InfNaN                      0x08001653   Thumb Code     0  dleqf.o(x$fpl$dleqf)
    __aeabi_dmul                             0x08001669   Thumb Code     0  dmul.o(x$fpl$dmul)
    _dmul                                    0x08001669   Thumb Code   332  dmul.o(x$fpl$dmul)
    __fpl_dnaninf                            0x080017bd   Thumb Code   156  dnaninf.o(x$fpl$dnaninf)
    __fpl_dretinf                            0x08001859   Thumb Code    12  dretinf.o(x$fpl$dretinf)
    __aeabi_dsub                             0x08001865   Thumb Code     0  daddsub_clz.o(x$fpl$dsub)
    _dsub                                    0x08001865   Thumb Code   472  daddsub_clz.o(x$fpl$dsub)
    __aeabi_dcmpeq                           0x08001a41   Thumb Code     0  dcmp.o(x$fpl$fcmp)
    _deq                                     0x08001a41   Thumb Code    14  dcmp.o(x$fpl$fcmp)
    _dneq                                    0x08001a4f   Thumb Code    14  dcmp.o(x$fpl$fcmp)
    __aeabi_dcmpgt                           0x08001a5d   Thumb Code     0  dcmp.o(x$fpl$fcmp)
    _dgr                                     0x08001a5d   Thumb Code    14  dcmp.o(x$fpl$fcmp)
    __aeabi_dcmpge                           0x08001a6b   Thumb Code     0  dcmp.o(x$fpl$fcmp)
    _dgeq                                    0x08001a6b   Thumb Code    14  dcmp.o(x$fpl$fcmp)
    __aeabi_dcmple                           0x08001a79   Thumb Code     0  dcmp.o(x$fpl$fcmp)
    _dleq                                    0x08001a79   Thumb Code    14  dcmp.o(x$fpl$fcmp)
    __aeabi_dcmplt                           0x08001a87   Thumb Code     0  dcmp.o(x$fpl$fcmp)
    _dls                                     0x08001a87   Thumb Code    14  dcmp.o(x$fpl$fcmp)
    _fp_init                                 0x08001a95   Thumb Code    26  fpinit.o(x$fpl$fpinit)
    __fplib_config_fpu_vfp                   0x08001aad   Thumb Code     0  fpinit.o(x$fpl$fpinit)
    __fplib_config_pureend_doubles           0x08001aad   Thumb Code     0  fpinit.o(x$fpl$fpinit)
    __I$use$fp                               0x08001aae   Number         0  usenofp.o(x$fpl$usenofp)
    Region$$Table$$Base                      0x08001ab0   Number         0  anon$$obj.o(Region$$Table)
    Region$$Table$$Limit                     0x08001ad0   Number         0  anon$$obj.o(Region$$Table)
    Kd1                                      0x20000000   Data           8  main.o(.data.Kd1)
    Kp1                                      0x20000008   Data           8  main.o(.data.Kp1)
    Mask                                     0x20000010   Data           1  main.o(.data.Mask)
    deltaT                                   0x20000014   Data           4  main.o(.data.deltaT)
    __libspace_start                         0x20000018   Data          96  libspace.o(.bss)
    __temporary_stack_top$libspace           0x20000078   Data           0  libspace.o(.bss)
    adc_value                                0x20000078   Data           2  main.o(.bss.adc_value)
    encoderCount                             0x2000007c   Data           4  main.o(.bss.encoderCount)
    encoderValue_array                       0x20000080   Data           8  main.o(.bss.encoderValue_array)
    refEncode                                0x20000094   Data           1  main.o(.bss.refEncode)
    rotDir                                   0x2000009c   Data           1  main.o(.bss.rotDir)
    stepPosition                             0x200000a0   Data           4  main.o(.bss.stepPosition)
    stepPosition_array                       0x200000a4   Data           8  main.o(.bss.stepPosition_array)



==============================================================================

Memory Map of the image

  Image Entry point : 0x0800022d

  Load Region LR_1 (Base: 0x08000000, Size: 0x00001ae8, Max: 0xffffffff, ABSOLUTE)

    Execution Region ER_RO (Exec base: 0x08000000, Load base: 0x08000000, Size: 0x00001ad0, Max: 0xffffffff, ABSOLUTE)

    Exec Addr    Load Addr    Size         Type   Attr      Idx    E Section Name        Object

    0x08000000   0x08000000   0x0000018c   Data   RO           97    RESET               startup_stm32l432xx.o
    0x0800018c   0x0800018c   0x00000008   Code   RO          125  * !!!main             c_w.l(__main.o)
    0x08000194   0x08000194   0x00000034   Code   RO          327    !!!scatter          c_w.l(__scatter.o)
    0x080001c8   0x080001c8   0x0000001a   Code   RO          329    !!handler_copy      c_w.l(__scatter_copy.o)
    0x080001e2   0x080001e2   0x00000002   PAD
    0x080001e4   0x080001e4   0x0000001c   Code   RO          331    !!handler_zi        c_w.l(__scatter_zi.o)
    0x08000200   0x08000200   0x00000002   Code   RO          189    .ARM.Collect$$libinit$$00000000  c_w.l(libinit.o)
    0x08000202   0x08000202   0x00000004   Code   RO          195    .ARM.Collect$$libinit$$00000001  c_w.l(libinit2.o)
    0x08000206   0x08000206   0x00000000   Code   RO          198    .ARM.Collect$$libinit$$00000004  c_w.l(libinit2.o)
    0x08000206   0x08000206   0x00000000   Code   RO          200    .ARM.Collect$$libinit$$00000006  c_w.l(libinit2.o)
    0x08000206   0x08000206   0x00000000   Code   RO          203    .ARM.Collect$$libinit$$0000000C  c_w.l(libinit2.o)
    0x08000206   0x08000206   0x00000000   Code   RO          205    .ARM.Collect$$libinit$$0000000E  c_w.l(libinit2.o)
    0x08000206   0x08000206   0x00000000   Code   RO          207    .ARM.Collect$$libinit$$00000010  c_w.l(libinit2.o)
    0x08000206   0x08000206   0x00000000   Code   RO          210    .ARM.Collect$$libinit$$00000013  c_w.l(libinit2.o)
    0x08000206   0x08000206   0x00000000   Code   RO          212    .ARM.Collect$$libinit$$00000015  c_w.l(libinit2.o)
    0x08000206   0x08000206   0x00000000   Code   RO          214    .ARM.Collect$$libinit$$00000017  c_w.l(libinit2.o)
    0x08000206   0x08000206   0x00000000   Code   RO          216    .ARM.Collect$$libinit$$00000019  c_w.l(libinit2.o)
    0x08000206   0x08000206   0x00000000   Code   RO          218    .ARM.Collect$$libinit$$0000001B  c_w.l(libinit2.o)
    0x08000206   0x08000206   0x00000000   Code   RO          220    .ARM.Collect$$libinit$$0000001D  c_w.l(libinit2.o)
    0x08000206   0x08000206   0x00000000   Code   RO          222    .ARM.Collect$$libinit$$0000001F  c_w.l(libinit2.o)
    0x08000206   0x08000206   0x00000000   Code   RO          224    .ARM.Collect$$libinit$$00000021  c_w.l(libinit2.o)
    0x08000206   0x08000206   0x00000000   Code   RO          226    .ARM.Collect$$libinit$$00000023  c_w.l(libinit2.o)
    0x08000206   0x08000206   0x00000000   Code   RO          228    .ARM.Collect$$libinit$$00000025  c_w.l(libinit2.o)
    0x08000206   0x08000206   0x00000000   Code   RO          230    .ARM.Collect$$libinit$$00000027  c_w.l(libinit2.o)
    0x08000206   0x08000206   0x00000000   Code   RO          234    .ARM.Collect$$libinit$$0000002E  c_w.l(libinit2.o)
    0x08000206   0x08000206   0x00000000   Code   RO          236    .ARM.Collect$$libinit$$00000030  c_w.l(libinit2.o)
    0x08000206   0x08000206   0x00000000   Code   RO          238    .ARM.Collect$$libinit$$00000032  c_w.l(libinit2.o)
    0x08000206   0x08000206   0x00000000   Code   RO          240    .ARM.Collect$$libinit$$00000034  c_w.l(libinit2.o)
    0x08000206   0x08000206   0x00000002   Code   RO          241    .ARM.Collect$$libinit$$00000035  c_w.l(libinit2.o)
    0x08000208   0x08000208   0x00000002   Code   RO          263    .ARM.Collect$$libshutdown$$00000000  c_w.l(libshutdown.o)
    0x0800020a   0x0800020a   0x00000000   Code   RO          278    .ARM.Collect$$libshutdown$$00000002  c_w.l(libshutdown2.o)
    0x0800020a   0x0800020a   0x00000000   Code   RO          280    .ARM.Collect$$libshutdown$$00000004  c_w.l(libshutdown2.o)
    0x0800020a   0x0800020a   0x00000000   Code   RO          283    .ARM.Collect$$libshutdown$$00000007  c_w.l(libshutdown2.o)
    0x0800020a   0x0800020a   0x00000000   Code   RO          286    .ARM.Collect$$libshutdown$$0000000A  c_w.l(libshutdown2.o)
    0x0800020a   0x0800020a   0x00000000   Code   RO          288    .ARM.Collect$$libshutdown$$0000000C  c_w.l(libshutdown2.o)
    0x0800020a   0x0800020a   0x00000000   Code   RO          291    .ARM.Collect$$libshutdown$$0000000F  c_w.l(libshutdown2.o)
    0x0800020a   0x0800020a   0x00000002   Code   RO          292    .ARM.Collect$$libshutdown$$00000010  c_w.l(libshutdown2.o)
    0x0800020c   0x0800020c   0x00000000   Code   RO          151    .ARM.Collect$$rtentry$$00000000  c_w.l(__rtentry.o)
    0x0800020c   0x0800020c   0x00000000   Code   RO          164    .ARM.Collect$$rtentry$$00000002  c_w.l(__rtentry2.o)
    0x0800020c   0x0800020c   0x00000006   Code   RO          176    .ARM.Collect$$rtentry$$00000004  c_w.l(__rtentry4.o)
    0x08000212   0x08000212   0x00000000   Code   RO          166    .ARM.Collect$$rtentry$$00000009  c_w.l(__rtentry2.o)
    0x08000212   0x08000212   0x00000004   Code   RO          167    .ARM.Collect$$rtentry$$0000000A  c_w.l(__rtentry2.o)
    0x08000216   0x08000216   0x00000000   Code   RO          169    .ARM.Collect$$rtentry$$0000000C  c_w.l(__rtentry2.o)
    0x08000216   0x08000216   0x00000008   Code   RO          170    .ARM.Collect$$rtentry$$0000000D  c_w.l(__rtentry2.o)
    0x0800021e   0x0800021e   0x00000002   Code   RO          193    .ARM.Collect$$rtexit$$00000000  c_w.l(rtexit.o)
    0x08000220   0x08000220   0x00000000   Code   RO          243    .ARM.Collect$$rtexit$$00000002  c_w.l(rtexit2.o)
    0x08000220   0x08000220   0x00000004   Code   RO          244    .ARM.Collect$$rtexit$$00000003  c_w.l(rtexit2.o)
    0x08000224   0x08000224   0x00000006   Code   RO          245    .ARM.Collect$$rtexit$$00000004  c_w.l(rtexit2.o)
    0x0800022a   0x0800022a   0x00000002   PAD
    0x0800022c   0x0800022c   0x00000040   Code   RO           98  * .text               startup_stm32l432xx.o
    0x0800026c   0x0800026c   0x00000008   Code   RO          121    .text               c_w.l(abs.o)
    0x08000274   0x08000274   0x00000006   Code   RO          123    .text               c_w.l(heapauxi.o)
    0x0800027a   0x0800027a   0x0000004a   Code   RO          180    .text               c_w.l(sys_stackheap_outer.o)
    0x080002c4   0x080002c4   0x00000012   Code   RO          182    .text               c_w.l(exit.o)
    0x080002d6   0x080002d6   0x00000002   PAD
    0x080002d8   0x080002d8   0x00000008   Code   RO          190    .text               c_w.l(libspace.o)
    0x080002e0   0x080002e0   0x0000000c   Code   RO          253    .text               c_w.l(sys_exit.o)
    0x080002ec   0x080002ec   0x00000002   Code   RO          268    .text               c_w.l(use_no_semi.o)
    0x080002ee   0x080002ee   0x00000000   Code   RO          270    .text               c_w.l(indicate_semi.o)
    0x080002ee   0x080002ee   0x00000002   PAD
    0x080002f0   0x080002f0   0x00000050   Code   RO           34    .text.ABSf          main.o
    0x08000340   0x08000340   0x00000044   Code   RO           14    .text.ADC1_IRQHandler  main.o
    0x08000384   0x08000384   0x000000a6   Code   RO           12    .text.ADC_init      main.o
    0x0800042a   0x0800042a   0x00000002   PAD
    0x0800042c   0x0800042c   0x00000142   Code   RO           16    .text.EXTI1_IRQHandler  main.o
    0x0800056e   0x0800056e   0x00000002   PAD
    0x08000570   0x08000570   0x00000142   Code   RO           18    .text.EXTI3_IRQHandler  main.o
    0x080006b2   0x080006b2   0x00000002   PAD
    0x080006b4   0x080006b4   0x0000004c   Code   RO           20    .text.EXTI9_5_IRQHandler  main.o
    0x08000700   0x08000700   0x000000d8   Code   RO           85    .text.PD            pid.o
    0x080007d8   0x080007d8   0x000000ae   Code   RO           22    .text.Rotate        main.o
    0x08000886   0x08000886   0x00000002   PAD
    0x08000888   0x08000888   0x00000052   Code   RO           42    .text.SysTick_Config  main.o
    0x080008da   0x080008da   0x00000002   PAD
    0x080008dc   0x080008dc   0x00000048   Code   RO           38    .text.SysTick_Handler  main.o
    0x08000924   0x08000924   0x0000005c   Code   RO          105    .text.SystemInit    system_stm32l4xx.o
    0x08000980   0x08000980   0x0000006a   Code   RO            4    .text.TIM2_init     main.o
    0x080009ea   0x080009ea   0x00000002   PAD
    0x080009ec   0x080009ec   0x0000001c   Code   RO           30    .text.TIM6_DAC_IRQHandler  main.o
    0x08000a08   0x08000a08   0x00000040   Code   RO           10    .text.TIM6_init     main.o
    0x08000a48   0x08000a48   0x0000003e   Code   RO           28    .text.TIM7_IRQHandler  main.o
    0x08000a86   0x08000a86   0x00000002   PAD
    0x08000a88   0x08000a88   0x00000042   Code   RO            6    .text.TIM7_init     main.o
    0x08000aca   0x08000aca   0x00000002   PAD
    0x08000acc   0x08000acc   0x00000030   Code   RO           44    .text.__NVIC_ClearPendingIRQ  main.o
    0x08000afc   0x08000afc   0x00000030   Code   RO            8    .text.__NVIC_EnableIRQ  main.o
    0x08000b2c   0x08000b2c   0x00000042   Code   RO           46    .text.__NVIC_SetPriority  main.o
    0x08000b6e   0x08000b6e   0x00000002   PAD
    0x08000b70   0x08000b70   0x000000ae   Code   RO            2    .text.clockinit     main.o
    0x08000c1e   0x08000c1e   0x00000002   PAD
    0x08000c20   0x08000c20   0x00000252   Code   RO           40    .text.main          main.o
    0x08000e72   0x08000e72   0x00000006   PAD
    0x08000e78   0x08000e78   0x000001c8   Code   RO           36    .text.updateFrequency  main.o
    0x08001040   0x08001040   0x00000016   Code   RO           81    .text.updateValue2  pid.o
    0x08001056   0x08001056   0x00000002   PAD
    0x08001058   0x08001058   0x00000150   Code   RO          127    x$fpl$dadd          fz_wm.l(daddsub_clz.o)
    0x080011a8   0x080011a8   0x00000018   Code   RO          178    x$fpl$dcmpinf       fz_wm.l(dcmpi.o)
    0x080011c0   0x080011c0   0x000002b4   Code   RO          136    x$fpl$ddiv          fz_wm.l(ddiv.o)
    0x08001474   0x08001474   0x00000078   Code   RO          152    x$fpl$deqf          fz_wm.l(deqf.o)
    0x080014ec   0x080014ec   0x0000005e   Code   RO          139    x$fpl$dfix          fz_wm.l(dfix.o)
    0x0800154a   0x0800154a   0x0000002e   Code   RO          144    x$fpl$dflt          fz_wm.l(dflt_clz.o)
    0x08001578   0x08001578   0x00000078   Code   RO          154    x$fpl$dgeqf         fz_wm.l(dgeqf.o)
    0x080015f0   0x080015f0   0x00000078   Code   RO          156    x$fpl$dleqf         fz_wm.l(dleqf.o)
    0x08001668   0x08001668   0x00000154   Code   RO          149    x$fpl$dmul          fz_wm.l(dmul.o)
    0x080017bc   0x080017bc   0x0000009c   Code   RO          158    x$fpl$dnaninf       fz_wm.l(dnaninf.o)
    0x08001858   0x08001858   0x0000000c   Code   RO          160    x$fpl$dretinf       fz_wm.l(dretinf.o)
    0x08001864   0x08001864   0x000001dc   Code   RO          129    x$fpl$dsub          fz_wm.l(daddsub_clz.o)
    0x08001a40   0x08001a40   0x00000054   Code   RO          133    x$fpl$fcmp          fz_wm.l(dcmp.o)
    0x08001a94   0x08001a94   0x0000001a   Code   RO          251    x$fpl$fpinit        fz_wm.l(fpinit.o)
    0x08001aae   0x08001aae   0x00000000   Code   RO          162    x$fpl$usenofp       fz_wm.l(usenofp.o)
    0x08001aae   0x08001aae   0x00000002   PAD
    0x08001ab0   0x08001ab0   0x00000020   Data   RO          326    Region$$Table       anon$$obj.o


    Execution Region ER_RW (Exec base: 0x20000000, Load base: 0x08001ad0, Size: 0x00000018, Max: 0xffffffff, ABSOLUTE)

    Exec Addr    Load Addr    Size         Type   Attr      Idx    E Section Name        Object

    0x20000000   0x08001ad0   0x00000008   Data   RW           55    .data.Kd1           main.o
    0x20000008   0x08001ad8   0x00000008   Data   RW           54    .data.Kp1           main.o
    0x20000010   0x08001ae0   0x00000001   Data   RW           64    .data.Mask          main.o
    0x20000011   0x08001ae1   0x00000003   PAD
    0x20000014   0x08001ae4   0x00000004   Data   RW           62    .data.deltaT        main.o


    Execution Region ER_ZI (Exec base: 0x20000018, Load base: 0x08001ae8, Size: 0x00000698, Max: 0xffffffff, ABSOLUTE)

    Exec Addr    Load Addr    Size         Type   Attr      Idx    E Section Name        Object

    0x20000018        -       0x00000060   Zero   RW          191    .bss                c_w.l(libspace.o)
    0x20000078        -       0x00000002   Zero   RW           63    .bss.adc_value      main.o
    0x2000007a   0x08001ae8   0x00000002   PAD
    0x2000007c        -       0x00000004   Zero   RW           48    .bss.encoderCount   main.o
    0x20000080        -       0x00000008   Zero   RW           60    .bss.encoderValue_array  main.o
    0x20000088        -       0x00000008   Zero   RW           69    .bss.frequency      main.o
    0x20000090        -       0x00000004   Zero   RW           68    .bss.micro          main.o
    0x20000094        -       0x00000001   Zero   RW           65    .bss.refEncode      main.o
    0x20000095   0x08001ae8   0x00000003   PAD
    0x20000098        -       0x00000004   Zero   RW           70    .bss.rotCtr         main.o
    0x2000009c        -       0x00000001   Zero   RW           58    .bss.rotDir         main.o
    0x2000009d   0x08001ae8   0x00000003   PAD
    0x200000a0        -       0x00000004   Zero   RW           52    .bss.stepPosition   main.o
    0x200000a4        -       0x00000008   Zero   RW           61    .bss.stepPosition_array  main.o
    0x200000ac   0x08001ae8   0x00000004   PAD
    0x200000b0        -       0x00000200   Zero   RW           96    HEAP                startup_stm32l432xx.o
    0x200002b0        -       0x00000400   Zero   RW           95    STACK               startup_stm32l432xx.o


==============================================================================

Image component sizes


      Code (inc. data)   RO Data    RW Data    ZI Data      Debug   Object Name

      3074         56          0         21         44      10800   main.o
       238          8          0          0          0       1755   pid.o
        64         26        396          0       1536        884   startup_stm32l432xx.o
        92          0          0          0          0       2998   system_stm32l4xx.o

    ----------------------------------------------------------------------
      3496         90        428         24       1592      16437   Object Totals
         0          0         32          0          0          0   (incl. Generated)
        28          0          0          3         12          0   (incl. Padding)

    ----------------------------------------------------------------------

      Code (inc. data)   RO Data    RW Data    ZI Data      Debug   Library Member Name

         8          0          0          0          0         68   __main.o
         0          0          0          0          0          0   __rtentry.o
        12          0          0          0          0          0   __rtentry2.o
         6          0          0          0          0          0   __rtentry4.o
        52          8          0          0          0          0   __scatter.o
        26          0          0          0          0          0   __scatter_copy.o
        28          0          0          0          0          0   __scatter_zi.o
         8          0          0          0          0         68   abs.o
        18          0          0          0          0         80   exit.o
         6          0          0          0          0        152   heapauxi.o
         0          0          0          0          0          0   indicate_semi.o
         2          0          0          0          0          0   libinit.o
         6          0          0          0          0          0   libinit2.o
         2          0          0          0          0          0   libshutdown.o
         2          0          0          0          0          0   libshutdown2.o
         8          4          0          0         96         68   libspace.o
         2          0          0          0          0          0   rtexit.o
        10          0          0          0          0          0   rtexit2.o
        12          4          0          0          0         68   sys_exit.o
        74          0          0          0          0         80   sys_stackheap_outer.o
         2          0          0          0          0         68   use_no_semi.o
       812         16          0          0          0        392   daddsub_clz.o
        84          0          0          0          0        244   dcmp.o
        24          0          0          0          0        116   dcmpi.o
       692        140          0          0          0        264   ddiv.o
       120          4          0          0          0        140   deqf.o
        94          4          0          0          0        140   dfix.o
        46          0          0          0          0        116   dflt_clz.o
       120          4          0          0          0        140   dgeqf.o
       120          4          0          0          0        140   dleqf.o
       340         12          0          0          0        152   dmul.o
       156          4          0          0          0        140   dnaninf.o
        12          0          0          0          0        116   dretinf.o
        26          0          0          0          0        116   fpinit.o
         0          0          0          0          0          0   usenofp.o

    ----------------------------------------------------------------------
      2940        204          0          0         96       2868   Library Totals
        10          0          0          0          0          0   (incl. Padding)

    ----------------------------------------------------------------------

      Code (inc. data)   RO Data    RW Data    ZI Data      Debug   Library Name

       284         16          0          0         96        652   c_w.l
      2646        188          0          0          0       2216   fz_wm.l

    ----------------------------------------------------------------------
      2940        204          0          0         96       2868   Library Totals

    ----------------------------------------------------------------------

==============================================================================


      Code (inc. data)   RO Data    RW Data    ZI Data      Debug   

      6436        294        428         24       1688      17757   Grand Totals
      6436        294        428         24       1688      17757   ELF Image Totals
      6436        294        428         24          0          0   ROM Totals

==============================================================================

    Total RO  Size (Code + RO Data)                 6864 (   6.70kB)
    Total RW  Size (RW Data + ZI Data)              1712 (   1.67kB)
    Total ROM Size (Code + RO Data + RW Data)       6888 (   6.73kB)

==============================================================================

